Component: ARM Compiler 5.06 update 4 (build 422) Tool: armlink [4d35d2]

==============================================================================

Section Cross References

    startup_stm32f407xx.o(RESET) refers to startup_stm32f407xx.o(STACK) for __initial_sp
    startup_stm32f407xx.o(RESET) refers to startup_stm32f407xx.o(.text) for Reset_Handler
    startup_stm32f407xx.o(RESET) refers to stm32f4xx_it.o(i.NMI_Handler) for NMI_Handler
    startup_stm32f407xx.o(RESET) refers to stm32f4xx_it.o(i.HardFault_Handler) for HardFault_Handler
    startup_stm32f407xx.o(RESET) refers to stm32f4xx_it.o(i.MemManage_Handler) for MemManage_Handler
    startup_stm32f407xx.o(RESET) refers to stm32f4xx_it.o(i.BusFault_Handler) for BusFault_Handler
    startup_stm32f407xx.o(RESET) refers to stm32f4xx_it.o(i.UsageFault_Handler) for UsageFault_Handler
    startup_stm32f407xx.o(RESET) refers to stm32f4xx_it.o(i.SVC_Handler) for SVC_Handler
    startup_stm32f407xx.o(RESET) refers to stm32f4xx_it.o(i.DebugMon_Handler) for DebugMon_Handler
    startup_stm32f407xx.o(RESET) refers to stm32f4xx_it.o(i.PendSV_Handler) for PendSV_Handler
    startup_stm32f407xx.o(RESET) refers to stm32f4xx_it.o(i.SysTick_Handler) for SysTick_Handler
    startup_stm32f407xx.o(RESET) refers to stm32f4xx_it.o(i.USART1_IRQHandler) for USART1_IRQHandler
    startup_stm32f407xx.o(RESET) refers to stm32f4xx_it.o(i.USART2_IRQHandler) for USART2_IRQHandler
    startup_stm32f407xx.o(RESET) refers to stm32f4xx_it.o(i.DMA2_Stream0_IRQHandler) for DMA2_Stream0_IRQHandler
    startup_stm32f407xx.o(.text) refers to system_stm32f4xx.o(i.SystemInit) for SystemInit
    startup_stm32f407xx.o(.text) refers to entry.o(.ARM.Collect$$$$00000000) for __main
    dht11.o(i.DHT11_Init) refers to dht11.o(i.DHT11_Mode_Out_PP) for DHT11_Mode_Out_PP
    dht11.o(i.DHT11_Init) refers to stm32f4xx_hal_gpio.o(i.HAL_GPIO_WritePin) for HAL_GPIO_WritePin
    dht11.o(i.DHT11_Mode_Out_PP) refers to stm32f4xx_hal_gpio.o(i.HAL_GPIO_Init) for HAL_GPIO_Init
    dht11.o(i.DHT11_ReadByte) refers to stm32f4xx_hal_gpio.o(i.HAL_GPIO_ReadPin) for HAL_GPIO_ReadPin
    dht11.o(i.DHT11_ReadByte) refers to tim.o(i.delay_us) for delay_us
    dht11.o(i.DHT11_Read_TempAndHumidity) refers to dht11.o(i.DHT11_Mode_Out_PP) for DHT11_Mode_Out_PP
    dht11.o(i.DHT11_Read_TempAndHumidity) refers to stm32f4xx_hal_gpio.o(i.HAL_GPIO_WritePin) for HAL_GPIO_WritePin
    dht11.o(i.DHT11_Read_TempAndHumidity) refers to stm32f4xx_hal.o(i.HAL_Delay) for HAL_Delay
    dht11.o(i.DHT11_Read_TempAndHumidity) refers to tim.o(i.delay_us) for delay_us
    dht11.o(i.DHT11_Read_TempAndHumidity) refers to stm32f4xx_hal_gpio.o(i.HAL_GPIO_Init) for HAL_GPIO_Init
    dht11.o(i.DHT11_Read_TempAndHumidity) refers to stm32f4xx_hal_gpio.o(i.HAL_GPIO_ReadPin) for HAL_GPIO_ReadPin
    dht11.o(i.DHT11_Read_TempAndHumidity) refers to dht11.o(i.DHT11_ReadByte) for DHT11_ReadByte
    flash.o(i.writeFlashTest) refers to stm32f4xx_hal_flash.o(i.HAL_FLASH_Unlock) for HAL_FLASH_Unlock
    flash.o(i.writeFlashTest) refers to stm32f4xx_hal_flash_ex.o(i.HAL_FLASHEx_Erase) for HAL_FLASHEx_Erase
    flash.o(i.writeFlashTest) refers to stm32f4xx_hal_flash.o(i.HAL_FLASH_Program) for HAL_FLASH_Program
    flash.o(i.writeFlashTest) refers to stm32f4xx_hal_flash.o(i.HAL_FLASH_Lock) for HAL_FLASH_Lock
    flash.o(i.writeFlashTest) refers to flash.o(.bss) for .bss
    flash.o(i.writeFlashTest) refers to flash.o(.data) for .data
    main.o(i.Error_Handler) refers to stm32f4xx_hal_uart.o(i.HAL_UART_Transmit) for HAL_UART_Transmit
    main.o(i.Error_Handler) refers to usart.o(.bss) for huart1
    main.o(i.HAL_UART_RxCpltCallback) refers to stm32f4xx_hal_uart.o(i.HAL_UART_Transmit) for HAL_UART_Transmit
    main.o(i.HAL_UART_RxCpltCallback) refers to strstr.o(.text) for strstr
    main.o(i.HAL_UART_RxCpltCallback) refers to memseta.o(.text) for __aeabi_memclr
    main.o(i.HAL_UART_RxCpltCallback) refers to stm32f4xx_hal_uart.o(i.HAL_UART_Receive_IT) for HAL_UART_Receive_IT
    main.o(i.HAL_UART_RxCpltCallback) refers to flash.o(i.writeFlashTest) for writeFlashTest
    main.o(i.HAL_UART_RxCpltCallback) refers to memcpya.o(.text) for __aeabi_memcpy4
    main.o(i.HAL_UART_RxCpltCallback) refers to main.o(.data) for .data
    main.o(i.HAL_UART_RxCpltCallback) refers to usart.o(.bss) for huart1
    main.o(i.HAL_UART_RxCpltCallback) refers to main.o(.bss) for .bss
    main.o(i.ReadDataFromFlash) refers to flash.o(i.printFlashTest) for printFlashTest
    main.o(i.ReadDataFromFlash) refers to main.o(.data) for .data
    main.o(i.SystemClock_Config) refers to memseta.o(.text) for __aeabi_memclr4
    main.o(i.SystemClock_Config) refers to stm32f4xx_hal_rcc.o(i.HAL_RCC_OscConfig) for HAL_RCC_OscConfig
    main.o(i.SystemClock_Config) refers to main.o(i.Error_Handler) for Error_Handler
    main.o(i.SystemClock_Config) refers to stm32f4xx_hal_rcc.o(i.HAL_RCC_ClockConfig) for HAL_RCC_ClockConfig
[...]
    Removing stm32f4xx_hal_flash_ex.o(.rrx_text), (6 bytes).
    Removing stm32f4xx_hal_flash_ex.o(i.HAL_FLASHEx_Erase_IT), (104 bytes).
    Removing stm32f4xx_hal_flash_ex.o(i.HAL_FLASHEx_OBGetConfig), (64 bytes).
    Removing stm32f4xx_hal_flash_ex.o(i.HAL_FLASHEx_OBProgram), (204 bytes).
    Removing stm32f4xx_hal_flash_ramfunc.o(.rev16_text), (4 bytes).
    Removing stm32f4xx_hal_flash_ramfunc.o(.revsh_text), (4 bytes).
    Removing stm32f4xx_hal_flash_ramfunc.o(.rrx_text), (6 bytes).
    Removing stm32f4xx_hal_gpio.o(.rev16_text), (4 bytes).
    Removing stm32f4xx_hal_gpio.o(.revsh_text), (4 bytes).
    Removing stm32f4xx_hal_gpio.o(.rrx_text), (6 bytes).
    Removing stm32f4xx_hal_gpio.o(i.HAL_GPIO_DeInit), (328 bytes).
    Removing stm32f4xx_hal_gpio.o(i.HAL_GPIO_EXTI_Callback), (2 bytes).
    Removing stm32f4xx_hal_gpio.o(i.HAL_GPIO_EXTI_IRQHandler), (24 bytes).
    Removing stm32f4xx_hal_gpio.o(i.HAL_GPIO_LockPin), (34 bytes).
    Removing stm32f4xx_hal_gpio.o(i.HAL_GPIO_TogglePin), (8 bytes).
    Removing stm32f4xx_hal_dma_ex.o(.rev16_text), (4 bytes).
    Removing stm32f4xx_hal_dma_ex.o(.revsh_text), (4 bytes).
    Removing stm32f4xx_hal_dma_ex.o(.rrx_text), (6 bytes).
    Removing stm32f4xx_hal_dma_ex.o(i.DMA_MultiBufferSetConfig), (30 bytes).
    Removing stm32f4xx_hal_dma_ex.o(i.HAL_DMAEx_ChangeMemory), (14 bytes).
    Removing stm32f4xx_hal_dma_ex.o(i.HAL_DMAEx_MultiBufferStart), (100 bytes).
    Removing stm32f4xx_hal_dma_ex.o(i.HAL_DMAEx_MultiBufferStart_IT), (2432 bytes).
    Removing stm32f4xx_hal_dma.o(.rev16_text), (4 bytes).
    Removing stm32f4xx_hal_dma.o(.revsh_text), (4 bytes).
    Removing stm32f4xx_hal_dma.o(.rrx_text), (6 bytes).
    Removing stm32f4xx_hal_dma.o(i.HAL_DMA_Abort), (142 bytes).
    Removing stm32f4xx_hal_dma.o(i.HAL_DMA_DeInit), (86 bytes).
    Removing stm32f4xx_hal_dma.o(i.HAL_DMA_GetError), (4 bytes).
    Removing stm32f4xx_hal_dma.o(i.HAL_DMA_GetState), (6 bytes).
    Removing stm32f4xx_hal_dma.o(i.HAL_DMA_PollForTransfer), (292 bytes).
    Removing stm32f4xx_hal_dma.o(i.HAL_DMA_RegisterCallback), (80 bytes).
    Removing stm32f4xx_hal_dma.o(i.HAL_DMA_Start), (70 bytes).
    Removing stm32f4xx_hal_dma.o(i.HAL_DMA_UnRegisterCallback), (96 bytes).
    Removing stm32f4xx_hal_pwr.o(.rev16_text), (4 bytes).
    Removing stm32f4xx_hal_pwr.o(.revsh_text), (4 bytes).
    Removing stm32f4xx_hal_pwr.o(.rrx_text), (6 bytes).
    Removing stm32f4xx_hal_pwr.o(i.HAL_PWR_ConfigPVD), (124 bytes).
    Removing stm32f4xx_hal_pwr.o(i.HAL_PWR_DeInit), (24 bytes).
    Removing stm32f4xx_hal_pwr.o(i.HAL_PWR_DisableBkUpAccess), (12 bytes).
    Removing stm32f4xx_hal_pwr.o(i.HAL_PWR_DisablePVD), (12 bytes).
    Removing stm32f4xx_hal_pwr.o(i.HAL_PWR_DisableSEVOnPend), (16 bytes).
    Removing stm32f4xx_hal_pwr.o(i.HAL_PWR_DisableSleepOnExit), (16 bytes).
    Removing stm32f4xx_hal_pwr.o(i.HAL_PWR_DisableWakeUpPin), (16 bytes).
    Removing stm32f4xx_hal_pwr.o(i.HAL_PWR_EnableBkUpAccess), (12 bytes).
    Removing stm32f4xx_hal_pwr.o(i.HAL_PWR_EnablePVD), (12 bytes).
    Removing stm32f4xx_hal_pwr.o(i.HAL_PWR_EnableSEVOnPend), (16 bytes).
    Removing stm32f4xx_hal_pwr.o(i.HAL_PWR_EnableSleepOnExit), (16 bytes).
    Removing stm32f4xx_hal_pwr.o(i.HAL_PWR_EnableWakeUpPin), (16 bytes).
    Removing stm32f4xx_hal_pwr.o(i.HAL_PWR_EnterSLEEPMode), (32 bytes).
    Removing stm32f4xx_hal_pwr.o(i.HAL_PWR_EnterSTANDBYMode), (32 bytes).
    Removing stm32f4xx_hal_pwr.o(i.HAL_PWR_EnterSTOPMode), (56 bytes).
    Removing stm32f4xx_hal_pwr.o(i.HAL_PWR_PVDCallback), (2 bytes).
    Removing stm32f4xx_hal_pwr.o(i.HAL_PWR_PVD_IRQHandler), (28 bytes).
    Removing stm32f4xx_hal_pwr_ex.o(.rev16_text), (4 bytes).
    Removing stm32f4xx_hal_pwr_ex.o(.revsh_text), (4 bytes).
    Removing stm32f4xx_hal_pwr_ex.o(.rrx_text), (6 bytes).
    Removing stm32f4xx_hal_pwr_ex.o(i.HAL_PWREx_ControlVoltageScaling), (88 bytes).
    Removing stm32f4xx_hal_pwr_ex.o(i.HAL_PWREx_DisableBkUpReg), (60 bytes).
    Removing stm32f4xx_hal_pwr_ex.o(i.HAL_PWREx_DisableFlashPowerDown), (12 bytes).
    Removing stm32f4xx_hal_pwr_ex.o(i.HAL_PWREx_EnableBkUpReg), (60 bytes).
    Removing stm32f4xx_hal_pwr_ex.o(i.HAL_PWREx_EnableFlashPowerDown), (12 bytes).
    Removing stm32f4xx_hal_pwr_ex.o(i.HAL_PWREx_GetVoltageRange), (16 bytes).
    Removing stm32f4xx_hal_cortex.o(.rev16_text), (4 bytes).
    Removing stm32f4xx_hal_cortex.o(.revsh_text), (4 bytes).
    Removing stm32f4xx_hal_cortex.o(.rrx_text), (6 bytes).
    Removing stm32f4xx_hal_cortex.o(i.HAL_MPU_ConfigRegion), (84 bytes).
    Removing stm32f4xx_hal_cortex.o(i.HAL_MPU_Disable), (28 bytes).
    Removing stm32f4xx_hal_cortex.o(i.HAL_MPU_Enable), (36 bytes).
    Removing stm32f4xx_hal_cortex.o(i.HAL_NVIC_ClearPendingIRQ), (22 bytes).
    Removing stm32f4xx_hal_cortex.o(i.HAL_NVIC_DisableIRQ), (22 bytes).
    Removing stm32f4xx_hal_cortex.o(i.HAL_NVIC_GetActive), (32 bytes).
    Removing stm32f4xx_hal_cortex.o(i.HAL_NVIC_GetPendingIRQ), (32 bytes).
    Removing stm32f4xx_hal_cortex.o(i.HAL_NVIC_GetPriority), (82 bytes).
    Removing stm32f4xx_hal_cortex.o(i.HAL_NVIC_GetPriorityGrouping), (16 bytes).
    Removing stm32f4xx_hal_cortex.o(i.HAL_NVIC_SetPendingIRQ), (22 bytes).
    Removing stm32f4xx_hal_cortex.o(i.HAL_NVIC_SystemReset), (36 bytes).
    Removing stm32f4xx_hal_cortex.o(i.HAL_SYSTICK_CLKSourceConfig), (24 bytes).
    Removing stm32f4xx_hal_cortex.o(i.HAL_SYSTICK_Callback), (2 bytes).
    Removing stm32f4xx_hal_cortex.o(i.HAL_SYSTICK_IRQHandler), (8 bytes).
    Removing stm32f4xx_hal.o(.rev16_text), (4 bytes).
    Removing stm32f4xx_hal.o(.revsh_text), (4 bytes).
    Removing stm32f4xx_hal.o(.rrx_text), (6 bytes).
    Removing stm32f4xx_hal.o(i.HAL_DBGMCU_DisableDBGSleepMode), (16 bytes).
    Removing stm32f4xx_hal.o(i.HAL_DBGMCU_DisableDBGStandbyMode), (16 bytes).
    Removing stm32f4xx_hal.o(i.HAL_DBGMCU_DisableDBGStopMode), (16 bytes).
    Removing stm32f4xx_hal.o(i.HAL_DBGMCU_EnableDBGSleepMode), (16 bytes).
    Removing stm32f4xx_hal.o(i.HAL_DBGMCU_EnableDBGStandbyMode), (16 bytes).
    Removing stm32f4xx_hal.o(i.HAL_DBGMCU_EnableDBGStopMode), (16 bytes).
    Removing stm32f4xx_hal.o(i.HAL_DeInit), (52 bytes).
    Removing stm32f4xx_hal.o(i.HAL_DisableCompensationCell), (12 bytes).
    Removing stm32f4xx_hal.o(i.HAL_EnableCompensationCell), (12 bytes).
    Removing stm32f4xx_hal.o(i.HAL_GetDEVID), (16 bytes).
    Removing stm32f4xx_hal.o(i.HAL_GetHalVersion), (8 bytes).
    Removing stm32f4xx_hal.o(i.HAL_GetREVID), (12 bytes).
    Removing stm32f4xx_hal.o(i.HAL_GetTickFreq), (12 bytes).
    Removing stm32f4xx_hal.o(i.HAL_GetTickPrio), (12 bytes).
    Removing stm32f4xx_hal.o(i.HAL_GetUID), (28 bytes).
    Removing stm32f4xx_hal.o(i.HAL_MspDeInit), (2 bytes).
    Removing stm32f4xx_hal.o(i.HAL_MspInit), (2 bytes).
    Removing stm32f4xx_hal.o(i.HAL_ResumeTick), (14 bytes).
    Removing stm32f4xx_hal.o(i.HAL_SetTickFreq), (28 bytes).
    Removing stm32f4xx_hal.o(i.HAL_SuspendTick), (14 bytes).
    Removing system_stm32f4xx.o(.rev16_text), (4 bytes).
    Removing system_stm32f4xx.o(.revsh_text), (4 bytes).
    Removing system_stm32f4xx.o(.rrx_text), (6 bytes).
    Removing system_stm32f4xx.o(i.SystemCoreClockUpdate), (120 bytes).

401 unused section(s) (total 24431 bytes) removed from the image.

==============================================================================

Image Symbol Table

    Local Symbols

    Symbol Name                              Value     Ov Type        Size  Object(Section)

    ../Drivers/STM32F4xx_HAL_Driver/Src/stm32f4xx_hal.c 0x00000000   Number         0  stm32f4xx_hal.o ABSOLUTE
    ../Drivers/STM32F4xx_HAL_Driver/Src/stm32f4xx_hal_adc.c 0x00000000   Number         0  stm32f4xx_hal_adc.o ABSOLUTE
    ../Drivers/STM32F4xx_HAL_Driver/Src/stm32f4xx_hal_adc_ex.c 0x00000000   Number         0  stm32f4xx_hal_adc_ex.o ABSOLUTE
    ../Drivers/STM32F4xx_HAL_Driver/Src/stm32f4xx_hal_cortex.c 0x00000000   Number         0  stm32f4xx_hal_cortex.o ABSOLUTE
    ../Drivers/STM32F4xx_HAL_Driver/Src/stm32f4xx_hal_dma.c 0x00000000   Number         0  stm32f4xx_hal_dma.o ABSOLUTE
    ../Drivers/STM32F4xx_HAL_Driver/Src/stm32f4xx_hal_dma_ex.c 0x00000000   Number         0  stm32f4xx_hal_dma_ex.o ABSOLUTE
    ../Drivers/STM32F4xx_HAL_Driver/Src/stm32f4xx_hal_flash.c 0x00000000   Number         0  stm32f4xx_hal_flash.o ABSOLUTE
    ../Drivers/STM32F4xx_HAL_Driver/Src/stm32f4xx_hal_flash_ex.c 0x00000000   Number         0  stm32f4xx_hal_flash_ex.o ABSOLUTE
    ../Drivers/STM32F4xx_HAL_Driver/Src/stm32f4xx_hal_flash_ramfunc.c 0x00000000   Number         0  stm32f4xx_hal_flash_ramfunc.o ABSOLUTE
    ../Drivers/STM32F4xx_HAL_Driver/Src/stm32f4xx_hal_gpio.c 0x00000000   Number         0  stm32f4xx_hal_gpio.o ABSOLUTE
    ../Drivers/STM32F4xx_HAL_Driver/Src/stm32f4xx_hal_pwr.c 0x00000000   Number         0  stm32f4xx_hal_pwr.o ABSOLUTE
    ../Drivers/STM32F4xx_HAL_Driver/Src/stm32f4xx_hal_pwr_ex.c 0x00000000   Number         0  stm32f4xx_hal_pwr_ex.o ABSOLUTE
    ../Drivers/STM32F4xx_HAL_Driver/Src/stm32f4xx_hal_rcc.c 0x00000000   Number         0  stm32f4xx_hal_rcc.o ABSOLUTE
    ../Drivers/STM32F4xx_HAL_Driver/Src/stm32f4xx_hal_rcc_ex.c 0x00000000   Number         0  stm32f4xx_hal_rcc_ex.o ABSOLUTE
    ../Drivers/STM32F4xx_HAL_Driver/Src/stm32f4xx_hal_tim.c 0x00000000   Number         0  stm32f4xx_hal_tim.o ABSOLUTE
    ../Drivers/STM32F4xx_HAL_Driver/Src/stm32f4xx_hal_tim_ex.c 0x00000000   Number         0  stm32f4xx_hal_tim_ex.o ABSOLUTE
    ../Drivers/STM32F4xx_HAL_Driver/Src/stm32f4xx_hal_uart.c 0x00000000   Number         0  stm32f4xx_hal_uart.o ABSOLUTE
    ../Src/adc.c                             0x00000000   Number         0  adc.o ABSOLUTE
    ../Src/dma.c                             0x00000000   Number         0  dma.o ABSOLUTE
    ../Src/gpio.c                            0x00000000   Number         0  gpio.o ABSOLUTE
    ../Src/main.c                            0x00000000   Number         0  main.o ABSOLUTE
    ../Src/stm32f4xx_hal_msp.c               0x00000000   Number         0  stm32f4xx_hal_msp.o ABSOLUTE
    ../Src/stm32f4xx_it.c                    0x00000000   Number         0  stm32f4xx_it.o ABSOLUTE
    ../Src/system_stm32f4xx.c                0x00000000   Number         0  system_stm32f4xx.o ABSOLUTE
    ../Src/tim.c                             0x00000000   Number         0  tim.o ABSOLUTE
    ../Src/usart.c                           0x00000000   Number         0  usart.o ABSOLUTE
    ../clib/microlib/division.c              0x00000000   Number         0  uidiv.o ABSOLUTE
    ../clib/microlib/division.c              0x00000000   Number         0  uldiv.o ABSOLUTE
    ../clib/microlib/init/entry.s            0x00000000   Number         0  entry2.o ABSOLUTE
    ../clib/microlib/init/entry.s            0x00000000   Number         0  entry.o ABSOLUTE
    ../clib/microlib/init/entry.s            0x00000000   Number         0  entry7a.o ABSOLUTE
    ../clib/microlib/init/entry.s            0x00000000   Number         0  entry11b.o ABSOLUTE
    ../clib/microlib/init/entry.s            0x00000000   Number         0  entry11a.o ABSOLUTE
    ../clib/microlib/init/entry.s            0x00000000   Number         0  entry10b.o ABSOLUTE
    ../clib/microlib/init/entry.s            0x00000000   Number         0  entry10a.o ABSOLUTE
    ../clib/microlib/init/entry.s            0x00000000   Number         0  entry9b.o ABSOLUTE
    ../clib/microlib/init/entry.s            0x00000000   Number         0  entry9a.o ABSOLUTE
    ../clib/microlib/init/entry.s            0x00000000   Number         0  entry8b.o ABSOLUTE
    ../clib/microlib/init/entry.s            0x00000000   Number         0  entry8a.o ABSOLUTE
    ../clib/microlib/init/entry.s            0x00000000   Number         0  entry7b.o ABSOLUTE
    ../clib/microlib/init/entry.s            0x00000000   Number         0  entry5.o ABSOLUTE
    ../clib/microlib/longlong.c              0x00000000   Number         0  llsshr.o ABSOLUTE
    ../clib/microlib/longlong.c              0x00000000   Number         0  llushr.o ABSOLUTE
    ../clib/microlib/longlong.c              0x00000000   Number         0  llshl.o ABSOLUTE
    ../clib/microlib/printf/printf.c         0x00000000   Number         0  printf3.o ABSOLUTE
    ../clib/microlib/printf/printf.c         0x00000000   Number         0  printf8.o ABSOLUTE
    ../clib/microlib/printf/printf.c         0x00000000   Number         0  printf7.o ABSOLUTE
    ../clib/microlib/printf/printf.c         0x00000000   Number         0  printf4.o ABSOLUTE
    ../clib/microlib/printf/printf.c         0x00000000   Number         0  printf6.o ABSOLUTE
    ../clib/microlib/printf/printf.c         0x00000000   Number         0  printf5.o ABSOLUTE
    ../clib/microlib/printf/printf.c         0x00000000   Number         0  printf2.o ABSOLUTE
    ../clib/microlib/printf/printf.c         0x00000000   Number         0  printf1.o ABSOLUTE
    ../clib/microlib/printf/printf.c         0x00000000   Number         0  printf0.o ABSOLUTE
    ../clib/microlib/printf/printf.c         0x00000000   Number         0  printfb.o ABSOLUTE
    ../clib/microlib/printf/printf.c         0x00000000   Number         0  printfa.o ABSOLUTE
    ../clib/microlib/printf/stubs.s          0x00000000   Number         0  stubs.o ABSOLUTE
    ../clib/microlib/stdio/fputc.c           0x00000000   Number         0  fputc.o ABSOLUTE
    ../clib/microlib/stdio/semi.s            0x00000000   Number         0  semi.o ABSOLUTE
    ../clib/microlib/stdio/streams.c         0x00000000   Number         0  stdout.o ABSOLUTE
    ../clib/microlib/string/memcpy.c         0x00000000   Number         0  memcpyb.o ABSOLUTE
    ../clib/microlib/string/memcpy.c         0x00000000   Number         0  memcpya.o ABSOLUTE
    ../clib/microlib/string/memset.c         0x00000000   Number         0  memseta.o ABSOLUTE
    ../clib/microlib/string/strstr.c         0x00000000   Number         0  strstr.o ABSOLUTE
    ../clib/microlib/stubs.s                 0x00000000   Number         0  iusefp.o ABSOLUTE
    ../clib/microlib/stubs.s                 0x00000000   Number         0  iusesemip.o ABSOLUTE
    ../fplib/microlib/d2f.c                  0x00000000   Number         0  d2f.o ABSOLUTE
    ../fplib/microlib/f2d.c                  0x00000000   Number         0  f2d.o ABSOLUTE
    ../fplib/microlib/fpadd.c                0x00000000   Number         0  dadd.o ABSOLUTE
    ../fplib/microlib/fpdiv.c                0x00000000   Number         0  ddiv.o ABSOLUTE
    ../fplib/microlib/fpepilogue.c           0x00000000   Number         0  fepilogue.o ABSOLUTE
    ../fplib/microlib/fpepilogue.c           0x00000000   Number         0  depilogue.o ABSOLUTE
    ../fplib/microlib/fpfix.c                0x00000000   Number         0  dfixul.o ABSOLUTE
    ../fplib/microlib/fpmul.c                0x00000000   Number         0  dmul.o ABSOLUTE
    ..\Drivers\STM32F4xx_HAL_Driver\Src\stm32f4xx_hal.c 0x00000000   Number         0  stm32f4xx_hal.o ABSOLUTE
    ..\Drivers\STM32F4xx_HAL_Driver\Src\stm32f4xx_hal_adc.c 0x00000000   Number         0  stm32f4xx_hal_adc.o ABSOLUTE
    ..\Drivers\STM32F4xx_HAL_Driver\Src\stm32f4xx_hal_adc_ex.c 0x00000000   Number         0  stm32f4xx_hal_adc_ex.o ABSOLUTE
    ..\Drivers\STM32F4xx_HAL_Driver\Src\stm32f4xx_hal_cortex.c 0x00000000   Number         0  stm32f4xx_hal_cortex.o ABSOLUTE
    ..\Drivers\STM32F4xx_HAL_Driver\Src\stm32f4xx_hal_dma.c 0x00000000   Number         0  stm32f4xx_hal_dma.o ABSOLUTE
    ..\Drivers\STM32F4xx_HAL_Driver\Src\stm32f4xx_hal_dma_ex.c 0x00000000   Number         0  stm32f4xx_hal_dma_ex.o ABSOLUTE
    ..\Drivers\STM32F4xx_HAL_Driver\Src\stm32f4xx_hal_flash.c 0x00000000   Number         0  stm32f4xx_hal_flash.o ABSOLUTE
    ..\Drivers\STM32F4xx_HAL_Driver\Src\stm32f4xx_hal_flash_ex.c 0x00000000   Number         0  stm32f4xx_hal_flash_ex.o ABSOLUTE
    ..\Drivers\STM32F4xx_HAL_Driver\Src\stm32f4xx_hal_flash_ramfunc.c 0x00000000   Number         0  stm32f4xx_hal_flash_ramfunc.o ABSOLUTE
    ..\Drivers\STM32F4xx_HAL_Driver\Src\stm32f4xx_hal_gpio.c 0x00000000   Number         0  stm32f4xx_hal_gpio.o ABSOLUTE
    ..\Drivers\STM32F4xx_HAL_Driver\Src\stm32f4xx_hal_pwr.c 0x00000000   Number         0  stm32f4xx_hal_pwr.o ABSOLUTE
    ..\Drivers\STM32F4xx_HAL_Driver\Src\stm32f4xx_hal_pwr_ex.c 0x00000000   Number         0  stm32f4xx_hal_pwr_ex.o ABSOLUTE
    ..\Drivers\STM32F4xx_HAL_Driver\Src\stm32f4xx_hal_rcc.c 0x00000000   Number         0  stm32f4xx_hal_rcc.o ABSOLUTE
    ..\Drivers\STM32F4xx_HAL_Driver\Src\stm32f4xx_hal_rcc_ex.c 0x00000000   Number         0  stm32f4xx_hal_rcc_ex.o ABSOLUTE
    ..\Drivers\STM32F4xx_HAL_Driver\Src\stm32f4xx_hal_tim.c 0x00000000   Number         0  stm32f4xx_hal_tim.o ABSOLUTE
    ..\Drivers\STM32F4xx_HAL_Driver\Src\stm32f4xx_hal_tim_ex.c 0x00000000   Number         0  stm32f4xx_hal_tim_ex.o ABSOLUTE
    ..\Drivers\STM32F4xx_HAL_Driver\Src\stm32f4xx_hal_uart.c 0x00000000   Number         0  stm32f4xx_hal_uart.o ABSOLUTE
    ..\Src\GY-30.c                           0x00000000   Number         0  gy-30.o ABSOLUTE
    ..\Src\adc.c                             0x00000000   Number         0  adc.o ABSOLUTE
    ..\Src\dht11.c                           0x00000000   Number         0  dht11.o ABSOLUTE
    ..\Src\dma.c                             0x00000000   Number         0  dma.o ABSOLUTE
    ..\Src\flash.c                           0x00000000   Number         0  flash.o ABSOLUTE
    ..\Src\gpio.c                            0x00000000   Number         0  gpio.o ABSOLUTE
    ..\Src\main.c                            0x00000000   Number         0  main.o ABSOLUTE
    ..\Src\stm32f4xx_hal_msp.c               0x00000000   Number         0  stm32f4xx_hal_msp.o ABSOLUTE
    ..\Src\stm32f4xx_it.c                    0x00000000   Number         0  stm32f4xx_it.o ABSOLUTE
    ..\Src\system_stm32f4xx.c                0x00000000   Number         0  system_stm32f4xx.o ABSOLUTE
    ..\Src\tim.c                             0x00000000   Number         0  tim.o ABSOLUTE
    ..\Src\usart.c                           0x00000000   Number         0  usart.o ABSOLUTE
    ..\\Src\\GY-30.c                         0x00000000   Number         0  gy-30.o ABSOLUTE
    ..\\Src\\dht11.c                         0x00000000   Number         0  dht11.o ABSOLUTE
    ..\\Src\\flash.c                         0x00000000   Number         0  flash.o ABSOLUTE
    cdrcmple.s                               0x00000000   Number         0  cdrcmple.o ABSOLUTE
    dc.s                                     0x00000000   Number         0  dc.o ABSOLUTE
    handlers.s                               0x00000000   Number         0  handlers.o ABSOLUTE
    init.s                                   0x00000000   Number         0  init.o ABSOLUTE
    startup_stm32f407xx.s                    0x00000000   Number         0  startup_stm32f407xx.o ABSOLUTE
    RESET                                    0x08000000   Section      392  startup_stm32f407xx.o(RESET)
    .ARM.Collect$$$$00000000                 0x08000188   Section        0  entry.o(.ARM.Collect$$$$00000000)
    .ARM.Collect$$$$00000001                 0x08000188   Section        4  entry2.o(.ARM.Collect$$$$00000001)
    .ARM.Collect$$$$00000004                 0x0800018c   Section        4  entry5.o(.ARM.Collect$$$$00000004)
    .ARM.Collect$$$$00000008                 0x08000190   Section        0  entry7b.o(.ARM.Collect$$$$00000008)
    .ARM.Collect$$$$0000000A                 0x08000190   Section        0  entry8b.o(.ARM.Collect$$$$0000000A)
    .ARM.Collect$$$$0000000B                 0x08000190   Section        8  entry9a.o(.ARM.Collect$$$$0000000B)
    .ARM.Collect$$$$0000000D                 0x08000198   Section        0  entry10a.o(.ARM.Collect$$$$0000000D)
    .ARM.Collect$$$$0000000F                 0x08000198   Section        0  entry11a.o(.ARM.Collect$$$$0000000F)
    .ARM.Collect$$$$00002712                 0x08000198   Section        4  entry2.o(.ARM.Collect$$$$00002712)
    __lit__00000000                          0x08000198   Data           4  entry2.o(.ARM.Collect$$$$00002712)
    .text                                    0x0800019c   Section       36  startup_stm32f407xx.o(.text)
    $v0                                      0x0800019c   Number         0  startup_stm32f407xx.o(.text)
    .text                                    0x080001c0   Section        0  uldiv.o(.text)
    .text                                    0x08000222   Section        0  memcpya.o(.text)
    .text                                    0x08000246   Section        0  memseta.o(.text)
    .text                                    0x0800026a   Section        0  strstr.o(.text)
    .text                                    0x0800028e   Section        0  ddiv.o(.text)
    .text                                    0x0800036c   Section        0  f2d.o(.text)
    .text                                    0x08000392   Section        0  d2f.o(.text)
    .text                                    0x080003ca   Section        0  uidiv.o(.text)
    .text                                    0x080003f6   Section        0  llshl.o(.text)
    .text                                    0x08000414   Section        0  llushr.o(.text)
    .text                                    0x08000434   Section        0  iusefp.o(.text)
    .text                                    0x08000434   Section        0  fepilogue.o(.text)
    .text                                    0x080004a2   Section        0  depilogue.o(.text)
    .text                                    0x0800055c   Section        0  dadd.o(.text)
    .text                                    0x080006aa   Section        0  dmul.o(.text)
    .text                                    0x0800078e   Section        0  dfixul.o(.text)
    .text                                    0x080007c0   Section       48  cdrcmple.o(.text)
    .text                                    0x080007f0   Section       36  init.o(.text)
    .text                                    0x08000814   Section        0  llsshr.o(.text)
    i.ADC_DMAConvCplt                        0x08000838   Section        0  stm32f4xx_hal_adc.o(i.ADC_DMAConvCplt)
    ADC_DMAConvCplt                          0x08000839   Thumb Code    98  stm32f4xx_hal_adc.o(i.ADC_DMAConvCplt)
    i.ADC_DMAError                           0x0800089a   Section        0  stm32f4xx_hal_adc.o(i.ADC_DMAError)
    ADC_DMAError                             0x0800089b   Thumb Code    22  stm32f4xx_hal_adc.o(i.ADC_DMAError)
    i.ADC_DMAHalfConvCplt                    0x080008b0   Section        0  stm32f4xx_hal_adc.o(i.ADC_DMAHalfConvCplt)
    ADC_DMAHalfConvCplt                      0x080008b1   Thumb Code    10  stm32f4xx_hal_adc.o(i.ADC_DMAHalfConvCplt)
    i.ADC_Init                               0x080008bc   Section        0  stm32f4xx_hal_adc.o(i.ADC_Init)
    ADC_Init                                 0x080008bd   Thumb Code   280  stm32f4xx_hal_adc.o(i.ADC_Init)
    i.BusFault_Handler                       0x080009e0   Section        0  stm32f4xx_it.o(i.BusFault_Handler)
    i.DHT11_Init                             0x080009e4   Section        0  dht11.o(i.DHT11_Init)
    i.DHT11_Mode_Out_PP                      0x08000a14   Section        0  dht11.o(i.DHT11_Mode_Out_PP)
    DHT11_Mode_Out_PP                        0x08000a15   Thumb Code    28  dht11.o(i.DHT11_Mode_Out_PP)
    i.DHT11_ReadByte                         0x08000a34   Section        0  dht11.o(i.DHT11_ReadByte)
    DHT11_ReadByte                           0x08000a35   Thumb Code    92  dht11.o(i.DHT11_ReadByte)
    i.DHT11_Read_TempAndHumidity             0x08000a94   Section        0  dht11.o(i.DHT11_Read_TempAndHumidity)
    i.DMA2_Stream0_IRQHandler                0x08000b8c   Section        0  stm32f4xx_it.o(i.DMA2_Stream0_IRQHandler)
    i.DMA_CalcBaseAndBitshift                0x08000b98   Section        0  stm32f4xx_hal_dma.o(i.DMA_CalcBaseAndBitshift)
    DMA_CalcBaseAndBitshift                  0x08000b99   Thumb Code    34  stm32f4xx_hal_dma.o(i.DMA_CalcBaseAndBitshift)
    i.DMA_CheckFifoParam                     0x08000bc0   Section        0  stm32f4xx_hal_dma.o(i.DMA_CheckFifoParam)
    DMA_CheckFifoParam                       0x08000bc1   Thumb Code    84  stm32f4xx_hal_dma.o(i.DMA_CheckFifoParam)
    i.DMA_SetConfig                          0x08000c14   Section        0  stm32f4xx_hal_dma.o(i.DMA_SetConfig)
    DMA_SetConfig                            0x08000c15   Thumb Code    40  stm32f4xx_hal_dma.o(i.DMA_SetConfig)
    i.DebugMon_Handler                       0x08000c3c   Section        0  stm32f4xx_it.o(i.DebugMon_Handler)
    i.Error_Handler                          0x08000c40   Section        0  main.o(i.Error_Handler)
    i.FLASH_Erase_Sector                     0x08000c64   Section        0  stm32f4xx_hal_flash_ex.o(i.FLASH_Erase_Sector)
    i.FLASH_FlushCaches                      0x08000cb4   Section        0  stm32f4xx_hal_flash_ex.o(i.FLASH_FlushCaches)
    i.FLASH_MassErase                        0x08000d08   Section        0  stm32f4xx_hal_flash_ex.o(i.FLASH_MassErase)
    FLASH_MassErase                          0x08000d09   Thumb Code    34  stm32f4xx_hal_flash_ex.o(i.FLASH_MassErase)
    i.FLASH_Program_Byte                     0x08000d30   Section        0  stm32f4xx_hal_flash.o(i.FLASH_Program_Byte)
    FLASH_Program_Byte                       0x08000d31   Thumb Code    26  stm32f4xx_hal_flash.o(i.FLASH_Program_Byte)
    i.FLASH_Program_DoubleWord               0x08000d50   Section        0  stm32f4xx_hal_flash.o(i.FLASH_Program_DoubleWord)
    FLASH_Program_DoubleWord                 0x08000d51   Thumb Code    34  stm32f4xx_hal_flash.o(i.FLASH_Program_DoubleWord)
    i.FLASH_Program_HalfWord                 0x08000d78   Section        0  stm32f4xx_hal_flash.o(i.FLASH_Program_HalfWord)
    FLASH_Program_HalfWord                   0x08000d79   Thumb Code    30  stm32f4xx_hal_flash.o(i.FLASH_Program_HalfWord)
    i.FLASH_Program_Word                     0x08000d9c   Section        0  stm32f4xx_hal_flash.o(i.FLASH_Program_Word)
    FLASH_Program_Word                       0x08000d9d   Thumb Code    30  stm32f4xx_hal_flash.o(i.FLASH_Program_Word)
    i.FLASH_SetErrorCode                     0x08000dc0   Section        0  stm32f4xx_hal_flash.o(i.FLASH_SetErrorCode)
    FLASH_SetErrorCode                       0x08000dc1   Thumb Code    96  stm32f4xx_hal_flash.o(i.FLASH_SetErrorCode)
    i.FLASH_WaitForLastOperation             0x08000e28   Section        0  stm32f4xx_hal_flash.o(i.FLASH_WaitForLastOperation)
    i.HAL_ADC_ConfigChannel                  0x08000e78   Section        0  stm32f4xx_hal_adc.o(i.HAL_ADC_ConfigChannel)
    i.HAL_ADC_ConvCpltCallback               0x08000fc4   Section        0  stm32f4xx_hal_adc.o(i.HAL_ADC_ConvCpltCallback)
    i.HAL_ADC_ConvHalfCpltCallback           0x08000fc6   Section        0  stm32f4xx_hal_adc.o(i.HAL_ADC_ConvHalfCpltCallback)
    i.HAL_ADC_ErrorCallback                  0x08000fc8   Section        0  stm32f4xx_hal_adc.o(i.HAL_ADC_ErrorCallback)
    i.HAL_ADC_Init                           0x08000fca   Section        0  stm32f4xx_hal_adc.o(i.HAL_ADC_Init)
    i.HAL_ADC_MspInit                        0x08001020   Section        0  adc.o(i.HAL_ADC_MspInit)
    i.HAL_ADC_Start_DMA                      0x080010b8   Section        0  stm32f4xx_hal_adc.o(i.HAL_ADC_Start_DMA)
    i.HAL_DMA_Abort_IT                       0x080011b8   Section        0  stm32f4xx_hal_dma.o(i.HAL_DMA_Abort_IT)
    i.HAL_DMA_IRQHandler                     0x080011dc   Section        0  stm32f4xx_hal_dma.o(i.HAL_DMA_IRQHandler)
    i.HAL_DMA_Init                           0x0800137c   Section        0  stm32f4xx_hal_dma.o(i.HAL_DMA_Init)
    i.HAL_DMA_Start_IT                       0x08001450   Section        0  stm32f4xx_hal_dma.o(i.HAL_DMA_Start_IT)
    i.HAL_Delay                              0x080014c8   Section        0  stm32f4xx_hal.o(i.HAL_Delay)
    i.HAL_FLASHEx_Erase                      0x080014ec   Section        0  stm32f4xx_hal_flash_ex.o(i.HAL_FLASHEx_Erase)
    i.HAL_FLASH_Lock                         0x08001584   Section        0  stm32f4xx_hal_flash.o(i.HAL_FLASH_Lock)
    i.HAL_FLASH_Program                      0x08001598   Section        0  stm32f4xx_hal_flash.o(i.HAL_FLASH_Program)
    i.HAL_FLASH_Unlock                       0x08001614   Section        0  stm32f4xx_hal_flash.o(i.HAL_FLASH_Unlock)
    i.HAL_GPIO_Init                          0x08001640   Section        0  stm32f4xx_hal_gpio.o(i.HAL_GPIO_Init)
    i.HAL_GPIO_ReadPin                       0x080017f0   Section        0  stm32f4xx_hal_gpio.o(i.HAL_GPIO_ReadPin)
    i.HAL_GPIO_WritePin                      0x080017fa   Section        0  stm32f4xx_hal_gpio.o(i.HAL_GPIO_WritePin)
    i.HAL_GetTick                            0x08001804   Section        0  stm32f4xx_hal.o(i.HAL_GetTick)
    i.HAL_IncTick                            0x08001810   Section        0  stm32f4xx_hal.o(i.HAL_IncTick)
    i.HAL_Init                               0x08001820   Section        0  stm32f4xx_hal.o(i.HAL_Init)
    i.HAL_InitTick                           0x08001854   Section        0  stm32f4xx_hal.o(i.HAL_InitTick)
    i.HAL_MspInit                            0x08001894   Section        0  stm32f4xx_hal_msp.o(i.HAL_MspInit)
    i.HAL_NVIC_EnableIRQ                     0x080018c4   Section        0  stm32f4xx_hal_cortex.o(i.HAL_NVIC_EnableIRQ)
    i.HAL_NVIC_SetPriority                   0x080018dc   Section        0  stm32f4xx_hal_cortex.o(i.HAL_NVIC_SetPriority)
    i.HAL_NVIC_SetPriorityGrouping           0x0800191c   Section        0  stm32f4xx_hal_cortex.o(i.HAL_NVIC_SetPriorityGrouping)
    i.HAL_RCC_CSSCallback                    0x08001940   Section        0  stm32f4xx_hal_rcc.o(i.HAL_RCC_CSSCallback)
    i.HAL_RCC_ClockConfig                    0x08001944   Section        0  stm32f4xx_hal_rcc.o(i.HAL_RCC_ClockConfig)
    i.HAL_RCC_EnableCSS                      0x08001a74   Section        0  stm32f4xx_hal_rcc.o(i.HAL_RCC_EnableCSS)
    i.HAL_RCC_GetPCLK1Freq                   0x08001a80   Section        0  stm32f4xx_hal_rcc.o(i.HAL_RCC_GetPCLK1Freq)
    i.HAL_RCC_GetPCLK2Freq                   0x08001aa0   Section        0  stm32f4xx_hal_rcc.o(i.HAL_RCC_GetPCLK2Freq)
    i.HAL_RCC_GetSysClockFreq                0x08001ac0   Section        0  stm32f4xx_hal_rcc.o(i.HAL_RCC_GetSysClockFreq)
    i.HAL_RCC_NMI_IRQHandler                 0x08001b20   Section        0  stm32f4xx_hal_rcc.o(i.HAL_RCC_NMI_IRQHandler)
    i.HAL_RCC_OscConfig                      0x08001b3c   Section        0  stm32f4xx_hal_rcc.o(i.HAL_RCC_OscConfig)
    i.HAL_SYSTICK_Config                     0x08001e58   Section        0  stm32f4xx_hal_cortex.o(i.HAL_SYSTICK_Config)
    i.HAL_TIMEx_MasterConfigSynchronization  0x08001e80   Section        0  stm32f4xx_hal_tim_ex.o(i.HAL_TIMEx_MasterConfigSynchronization)
    i.HAL_TIM_Base_Init                      0x08001ed0   Section        0  stm32f4xx_hal_tim.o(i.HAL_TIM_Base_Init)
    i.HAL_TIM_Base_MspInit                   0x08001f08   Section        0  tim.o(i.HAL_TIM_Base_MspInit)
    i.HAL_TIM_Base_Start                     0x08001f30   Section        0  stm32f4xx_hal_tim.o(i.HAL_TIM_Base_Start)
    i.HAL_TIM_Base_Stop                      0x08001f4a   Section        0  stm32f4xx_hal_tim.o(i.HAL_TIM_Base_Stop)
    i.HAL_UART_ErrorCallback                 0x08001f76   Section        0  stm32f4xx_hal_uart.o(i.HAL_UART_ErrorCallback)
    i.HAL_UART_IRQHandler                    0x08001f78   Section        0  stm32f4xx_hal_uart.o(i.HAL_UART_IRQHandler)
    i.HAL_UART_Init                          0x08002088   Section        0  stm32f4xx_hal_uart.o(i.HAL_UART_Init)
    i.HAL_UART_MspInit                       0x080020ec   Section        0  usart.o(i.HAL_UART_MspInit)
    i.HAL_UART_Receive_IT                    0x080021a8   Section        0  stm32f4xx_hal_uart.o(i.HAL_UART_Receive_IT)
    i.HAL_UART_RxCpltCallback                0x080021f0   Section        0  main.o(i.HAL_UART_RxCpltCallback)
    i.HAL_UART_Transmit                      0x08002334   Section        0  stm32f4xx_hal_uart.o(i.HAL_UART_Transmit)
    i.HAL_UART_TxCpltCallback                0x080023ee   Section        0  stm32f4xx_hal_uart.o(i.HAL_UART_TxCpltCallback)
    i.HardFault_Handler                      0x080023f0   Section        0  stm32f4xx_it.o(i.HardFault_Handler)
    i.IIC_ReadByte                           0x080023f4   Section        0  gy-30.o(i.IIC_ReadByte)
    i.IIC_ReceiveACK                         0x0800245c   Section        0  gy-30.o(i.IIC_ReceiveACK)
    i.IIC_SendACK                            0x080024a8   Section        0  gy-30.o(i.IIC_SendACK)
    i.IIC_SendByte                           0x080024ec   Section        0  gy-30.o(i.IIC_SendByte)
    i.IIC_Start                              0x08002564   Section        0  gy-30.o(i.IIC_Start)
    i.IIC_Stop                               0x080025a8   Section        0  gy-30.o(i.IIC_Stop)
    i.Init_BH1750                            0x080025e4   Section        0  gy-30.o(i.Init_BH1750)
    i.MX_ADC1_Init                           0x080025f8   Section        0  adc.o(i.MX_ADC1_Init)
    i.MX_DMA_Init                            0x08002658   Section        0  dma.o(i.MX_DMA_Init)
    i.MX_GPIO_Init                           0x08002684   Section        0  gpio.o(i.MX_GPIO_Init)
    i.MX_TIM7_Init                           0x08002794   Section        0  tim.o(i.MX_TIM7_Init)
    i.MX_USART1_UART_Init                    0x080027d4   Section        0  usart.o(i.MX_USART1_UART_Init)
    i.MX_USART2_UART_Init                    0x0800280c   Section        0  usart.o(i.MX_USART2_UART_Init)
    i.MemManage_Handler                      0x08002844   Section        0  stm32f4xx_it.o(i.MemManage_Handler)
    i.Multiple_Read_BH1750                   0x08002848   Section        0  gy-30.o(i.Multiple_Read_BH1750)
    i.NMI_Handler                            0x08002888   Section        0  stm32f4xx_it.o(i.NMI_Handler)
    i.NVIC_SetPriority                       0x0800288c   Section        0  stm32f4xx_hal_cortex.o(i.NVIC_SetPriority)
    NVIC_SetPriority                         0x0800288d   Thumb Code    32  stm32f4xx_hal_cortex.o(i.NVIC_SetPriority)
    i.PendSV_Handler                         0x080028ac   Section        0  stm32f4xx_it.o(i.PendSV_Handler)
    i.ReadDataFromFlash                      0x080028b0   Section        0  main.o(i.ReadDataFromFlash)
    i.SVC_Handler                            0x0800290c   Section        0  stm32f4xx_it.o(i.SVC_Handler)
    i.Single_Write_BH1750                    0x0800290e   Section        0  gy-30.o(i.Single_Write_BH1750)
    i.SysTick_Handler                        0x0800292a   Section        0  stm32f4xx_it.o(i.SysTick_Handler)
    i.SystemClock_Config                     0x08002930   Section        0  main.o(i.SystemClock_Config)
    i.SystemInit                             0x080029c4   Section        0  system_stm32f4xx.o(i.SystemInit)
    i.TIM_Base_SetConfig                     0x08002a18   Section        0  stm32f4xx_hal_tim.o(i.TIM_Base_SetConfig)
    i.UART_DMAAbortOnError                   0x08002ad8   Section        0  stm32f4xx_hal_uart.o(i.UART_DMAAbortOnError)
    UART_DMAAbortOnError                     0x08002ad9   Thumb Code    16  stm32f4xx_hal_uart.o(i.UART_DMAAbortOnError)
    i.UART_EndRxTransfer                     0x08002ae8   Section        0  stm32f4xx_hal_uart.o(i.UART_EndRxTransfer)
    UART_EndRxTransfer                       0x08002ae9   Thumb Code    28  stm32f4xx_hal_uart.o(i.UART_EndRxTransfer)
    i.UART_Receive_IT                        0x08002b04   Section        0  stm32f4xx_hal_uart.o(i.UART_Receive_IT)
    UART_Receive_IT                          0x08002b05   Thumb Code   140  stm32f4xx_hal_uart.o(i.UART_Receive_IT)
    i.UART_SetConfig                         0x08002b90   Section        0  stm32f4xx_hal_uart.o(i.UART_SetConfig)
    UART_SetConfig                           0x08002b91   Thumb Code   676  stm32f4xx_hal_uart.o(i.UART_SetConfig)
    i.UART_Transmit_IT                       0x08002e3c   Section        0  stm32f4xx_hal_uart.o(i.UART_Transmit_IT)
    UART_Transmit_IT                         0x08002e3d   Thumb Code    98  stm32f4xx_hal_uart.o(i.UART_Transmit_IT)
    i.UART_WaitOnFlagUntilTimeout            0x08002e9e   Section        0  stm32f4xx_hal_uart.o(i.UART_WaitOnFlagUntilTimeout)
    UART_WaitOnFlagUntilTimeout              0x08002e9f   Thumb Code   100  stm32f4xx_hal_uart.o(i.UART_WaitOnFlagUntilTimeout)
    i.USART1_IRQHandler                      0x08002f04   Section        0  stm32f4xx_it.o(i.USART1_IRQHandler)
    i.USART2_IRQHandler                      0x08002f10   Section        0  stm32f4xx_it.o(i.USART2_IRQHandler)
    i.UsageFault_Handler                     0x08002f1c   Section        0  stm32f4xx_it.o(i.UsageFault_Handler)
    i.Value_GY30                             0x08002f20   Section        0  gy-30.o(i.Value_GY30)
    i.__0sprintf                             0x08002f80   Section        0  printfa.o(i.__0sprintf)
    i.__scatterload_copy                     0x08002fa8   Section       14  handlers.o(i.__scatterload_copy)
    i.__scatterload_null                     0x08002fb6   Section        2  handlers.o(i.__scatterload_null)
    i.__scatterload_zeroinit                 0x08002fb8   Section       14  handlers.o(i.__scatterload_zeroinit)
    i._fp_digits                             0x08002fc8   Section        0  printfa.o(i._fp_digits)
    _fp_digits                               0x08002fc9   Thumb Code   366  printfa.o(i._fp_digits)
    i._printf_core                           0x0800314c   Section        0  printfa.o(i._printf_core)
    _printf_core                             0x0800314d   Thumb Code  1744  printfa.o(i._printf_core)
    i._printf_post_padding                   0x08003828   Section        0  printfa.o(i._printf_post_padding)
    _printf_post_padding                     0x08003829   Thumb Code    36  printfa.o(i._printf_post_padding)
    i._printf_pre_padding                    0x0800384c   Section        0  printfa.o(i._printf_pre_padding)
    _printf_pre_padding                      0x0800384d   Thumb Code    46  printfa.o(i._printf_pre_padding)
    i._sputc                                 0x0800387a   Section        0  printfa.o(i._sputc)
    _sputc                                   0x0800387b   Thumb Code    10  printfa.o(i._sputc)
    i.delay_us                               0x08003884   Section        0  tim.o(i.delay_us)
    i.main                                   0x080038b4   Section        0  main.o(i.main)
    i.printFlashTest                         0x08003ae8   Section        0  flash.o(i.printFlashTest)
    i.writeFlashTest                         0x08003aec   Section        0  flash.o(i.writeFlashTest)
    .constdata                               0x08003b4c   Section        8  stm32f4xx_hal_dma.o(.constdata)
    flagBitshiftOffset                       0x08003b4c   Data           8  stm32f4xx_hal_dma.o(.constdata)
    .constdata                               0x08003b54   Section       16  system_stm32f4xx.o(.constdata)
    .constdata                               0x08003b64   Section        8  system_stm32f4xx.o(.constdata)
    .data                                    0x20000000   Section        8  flash.o(.data)
    .data                                    0x20000008   Section        6  main.o(.data)
    .data                                    0x20000010   Section       16  gy-30.o(.data)
    .data                                    0x20000020   Section       12  stm32f4xx_hal.o(.data)
    .data                                    0x2000002c   Section        4  system_stm32f4xx.o(.data)
    .bss                                     0x20000030   Section       20  flash.o(.bss)
    EraseInitStruct                          0x20000030   Data          20  flash.o(.bss)
    .bss                                     0x20000044   Section       64  main.o(.bss)
    .bss                                     0x20000084   Section      168  adc.o(.bss)
    .bss                                     0x2000012c   Section       60  tim.o(.bss)
    .bss                                     0x20000168   Section      128  usart.o(.bss)
    .bss                                     0x200001e8   Section       32  stm32f4xx_hal_flash.o(.bss)
    STACK                                    0x20000208   Section    16384  startup_stm32f407xx.o(STACK)

    Global Symbols

    Symbol Name                              Value     Ov Type        Size  Object(Section)

    BuildAttributes$$THM_ISAv4$E$P$D$K$B$S$7EM$VFPi3$EXTD16$VFPS$VFMA$PE$A:L22UL41UL21$X:L11$S22US41US21$IEEE1$IW$USESV6$~STKCKD$USESV7$~SHL$OTIME$ROPI$EBA8$MICROLIB$REQ8$PRES8$EABIv2 0x00000000   Number         0  anon$$obj.o ABSOLUTE
    __ARM_use_no_argv                        0x00000000   Number         0  main.o ABSOLUTE
    _printf_a                                0x00000000   Number         0  stubs.o ABSOLUTE
    _printf_c                                0x00000000   Number         0  stubs.o ABSOLUTE
    _printf_charcount                        0x00000000   Number         0  stubs.o ABSOLUTE
    _printf_d                                0x00000000   Number         0  stubs.o ABSOLUTE
    _printf_e                                0x00000000   Number         0  stubs.o ABSOLUTE
    _printf_f                                0x00000000   Number         0  stubs.o ABSOLUTE
    _printf_flags                            0x00000000   Number         0  stubs.o ABSOLUTE
    _printf_fp_dec                           0x00000000   Number         0  stubs.o ABSOLUTE
    _printf_fp_hex                           0x00000000   Number         0  stubs.o ABSOLUTE
    _printf_g                                0x00000000   Number         0  stubs.o ABSOLUTE
    _printf_i                                0x00000000   Number         0  stubs.o ABSOLUTE
    _printf_int_dec                          0x00000000   Number         0  stubs.o ABSOLUTE
    _printf_l                                0x00000000   Number         0  stubs.o ABSOLUTE
    _printf_lc                               0x00000000   Number         0  stubs.o ABSOLUTE
    _printf_ll                               0x00000000   Number         0  stubs.o ABSOLUTE
    _printf_lld                              0x00000000   Number         0  stubs.o ABSOLUTE
    _printf_lli                              0x00000000   Number         0  stubs.o ABSOLUTE
    _printf_llo                              0x00000000   Number         0  stubs.o ABSOLUTE
    _printf_llu                              0x00000000   Number         0  stubs.o ABSOLUTE
    _printf_llx                              0x00000000   Number         0  stubs.o ABSOLUTE
    _printf_longlong_dec                     0x00000000   Number         0  stubs.o ABSOLUTE
    _printf_longlong_hex                     0x00000000   Number         0  stubs.o ABSOLUTE
    _printf_longlong_oct                     0x00000000   Number         0  stubs.o ABSOLUTE
    _printf_ls                               0x00000000   Number         0  stubs.o ABSOLUTE
    _printf_mbtowc                           0x00000000   Number         0  stubs.o ABSOLUTE
    _printf_n                                0x00000000   Number         0  stubs.o ABSOLUTE
    _printf_o                                0x00000000   Number         0  stubs.o ABSOLUTE
    _printf_p                                0x00000000   Number         0  stubs.o ABSOLUTE
    _printf_percent                          0x00000000   Number         0  stubs.o ABSOLUTE
    _printf_pre_padding                      0x00000000   Number         0  stubs.o ABSOLUTE
    _printf_return_value                     0x00000000   Number         0  stubs.o ABSOLUTE
    _printf_s                                0x00000000   Number         0  stubs.o ABSOLUTE
    _printf_sizespec                         0x00000000   Number         0  stubs.o ABSOLUTE
    _printf_str                              0x00000000   Number         0  stubs.o ABSOLUTE
    _printf_truncate_signed                  0x00000000   Number         0  stubs.o ABSOLUTE
    _printf_truncate_unsigned                0x00000000   Number         0  stubs.o ABSOLUTE
    _printf_u                                0x00000000   Number         0  stubs.o ABSOLUTE
    _printf_wc                               0x00000000   Number         0  stubs.o ABSOLUTE
    _printf_wctomb                           0x00000000   Number         0  stubs.o ABSOLUTE
    _printf_widthprec                        0x00000000   Number         0  stubs.o ABSOLUTE
    _printf_x                                0x00000000   Number         0  stubs.o ABSOLUTE
    __cpp_initialize__aeabi_                  - Undefined Weak Reference
    __cxa_finalize                            - Undefined Weak Reference
    __decompress                              - Undefined Weak Reference
    _clock_init                               - Undefined Weak Reference
    _microlib_exit                            - Undefined Weak Reference
    __Vectors_Size                           0x00000188   Number         0  startup_stm32f407xx.o ABSOLUTE
    __Vectors                                0x08000000   Data           4  startup_stm32f407xx.o(RESET)
    __Vectors_End                            0x08000188   Data           0  startup_stm32f407xx.o(RESET)
    __main                                   0x08000189   Thumb Code     0  entry.o(.ARM.Collect$$$$00000000)
    _main_stk                                0x08000189   Thumb Code     0  entry2.o(.ARM.Collect$$$$00000001)
    _main_scatterload                        0x0800018d   Thumb Code     0  entry5.o(.ARM.Collect$$$$00000004)
    __main_after_scatterload                 0x08000191   Thumb Code     0  entry5.o(.ARM.Collect$$$$00000004)
    _main_clock                              0x08000191   Thumb Code     0  entry7b.o(.ARM.Collect$$$$00000008)
    _main_cpp_init                           0x08000191   Thumb Code     0  entry8b.o(.ARM.Collect$$$$0000000A)
    _main_init                               0x08000191   Thumb Code     0  entry9a.o(.ARM.Collect$$$$0000000B)
    __rt_final_cpp                           0x08000199   Thumb Code     0  entry10a.o(.ARM.Collect$$$$0000000D)
    __rt_final_exit                          0x08000199   Thumb Code     0  entry11a.o(.ARM.Collect$$$$0000000F)
    Reset_Handler                            0x0800019d   Thumb Code     8  startup_stm32f407xx.o(.text)
    ADC_IRQHandler                           0x080001b7   Thumb Code     0  startup_stm32f407xx.o(.text)
    CAN1_RX0_IRQHandler                      0x080001b7   Thumb Code     0  startup_stm32f407xx.o(.text)
    CAN1_RX1_IRQHandler                      0x080001b7   Thumb Code     0  startup_stm32f407xx.o(.text)
    CAN1_SCE_IRQHandler                      0x080001b7   Thumb Code     0  startup_stm32f407xx.o(.text)
    CAN1_TX_IRQHandler                       0x080001b7   Thumb Code     0  startup_stm32f407xx.o(.text)
    CAN2_RX0_IRQHandler                      0x080001b7   Thumb Code     0  startup_stm32f407xx.o(.text)
    CAN2_RX1_IRQHandler                      0x080001b7   Thumb Code     0  startup_stm32f407xx.o(.text)
    CAN2_SCE_IRQHandler                      0x080001b7   Thumb Code     0  startup_stm32f407xx.o(.text)
    CAN2_TX_IRQHandler                       0x080001b7   Thumb Code     0  startup_stm32f407xx.o(.text)
    DCMI_IRQHandler                          0x080001b7   Thumb Code     0  startup_stm32f407xx.o(.text)
    DMA1_Stream0_IRQHandler                  0x080001b7   Thumb Code     0  startup_stm32f407xx.o(.text)
    DMA1_Stream1_IRQHandler                  0x080001b7   Thumb Code     0  startup_stm32f407xx.o(.text)
    DMA1_Stream2_IRQHandler                  0x080001b7   Thumb Code     0  startup_stm32f407xx.o(.text)
    DMA1_Stream3_IRQHandler                  0x080001b7   Thumb Code     0  startup_stm32f407xx.o(.text)
    DMA1_Stream4_IRQHandler                  0x080001b7   Thumb Code     0  startup_stm32f407xx.o(.text)
    DMA1_Stream5_IRQHandler                  0x080001b7   Thumb Code     0  startup_stm32f407xx.o(.text)
    DMA1_Stream6_IRQHandler                  0x080001b7   Thumb Code     0  startup_stm32f407xx.o(.text)
    DMA1_Stream7_IRQHandler                  0x080001b7   Thumb Code     0  startup_stm32f407xx.o(.text)
    DMA2_Stream1_IRQHandler                  0x080001b7   Thumb Code     0  startup_stm32f407xx.o(.text)
    DMA2_Stream2_IRQHandler                  0x080001b7   Thumb Code     0  startup_stm32f407xx.o(.text)
    DMA2_Stream3_IRQHandler                  0x080001b7   Thumb Code     0  startup_stm32f407xx.o(.text)
    DMA2_Stream4_IRQHandler                  0x080001b7   Thumb Code     0  startup_stm32f407xx.o(.text)
    DMA2_Stream5_IRQHandler                  0x080001b7   Thumb Code     0  startup_stm32f407xx.o(.text)
    DMA2_Stream6_IRQHandler                  0x080001b7   Thumb Code     0  startup_stm32f407xx.o(.text)
    DMA2_Stream7_IRQHandler                  0x080001b7   Thumb Code     0  startup_stm32f407xx.o(.text)
    ETH_IRQHandler                           0x080001b7   Thumb Code     0  startup_stm32f407xx.o(.text)
    ETH_WKUP_IRQHandler                      0x080001b7   Thumb Code     0  startup_stm32f407xx.o(.text)
    EXTI0_IRQHandler                         0x080001b7   Thumb Code     0  startup_stm32f407xx.o(.text)
    EXTI15_10_IRQHandler                     0x080001b7   Thumb Code     0  startup_stm32f407xx.o(.text)
    EXTI1_IRQHandler                         0x080001b7   Thumb Code     0  startup_stm32f407xx.o(.text)
    EXTI2_IRQHandler                         0x080001b7   Thumb Code     0  startup_stm32f407xx.o(.text)
    EXTI3_IRQHandler                         0x080001b7   Thumb Code     0  startup_stm32f407xx.o(.text)
    EXTI4_IRQHandler                         0x080001b7   Thumb Code     0  startup_stm32f407xx.o(.text)
    EXTI9_5_IRQHandler                       0x080001b7   Thumb Code     0  startup_stm32f407xx.o(.text)
    FLASH_IRQHandler                         0x080001b7   Thumb Code     0  startup_stm32f407xx.o(.text)
    FMC_IRQHandler                           0x080001b7   Thumb Code     0  startup_stm32f407xx.o(.text)
    FPU_IRQHandler                           0x080001b7   Thumb Code     0  startup_stm32f407xx.o(.text)
    HASH_RNG_IRQHandler                      0x080001b7   Thumb Code     0  startup_stm32f407xx.o(.text)
    I2C1_ER_IRQHandler                       0x080001b7   Thumb Code     0  startup_stm32f407xx.o(.text)
    I2C1_EV_IRQHandler                       0x080001b7   Thumb Code     0  startup_stm32f407xx.o(.text)
    I2C2_ER_IRQHandler                       0x080001b7   Thumb Code     0  startup_stm32f407xx.o(.text)
    I2C2_EV_IRQHandler                       0x080001b7   Thumb Code     0  startup_stm32f407xx.o(.text)
    I2C3_ER_IRQHandler                       0x080001b7   Thumb Code     0  startup_stm32f407xx.o(.text)
    I2C3_EV_IRQHandler                       0x080001b7   Thumb Code     0  startup_stm32f407xx.o(.text)
    OTG_FS_IRQHandler                        0x080001b7   Thumb Code     0  startup_stm32f407xx.o(.text)
    OTG_FS_WKUP_IRQHandler                   0x080001b7   Thumb Code     0  startup_stm32f407xx.o(.text)
    OTG_HS_EP1_IN_IRQHandler                 0x080001b7   Thumb Code     0  startup_stm32f407xx.o(.text)
    OTG_HS_EP1_OUT_IRQHandler                0x080001b7   Thumb Code     0  startup_stm32f407xx.o(.text)
    OTG_HS_IRQHandler                        0x080001b7   Thumb Code     0  startup_stm32f407xx.o(.text)
    OTG_HS_WKUP_IRQHandler                   0x080001b7   Thumb Code     0  startup_stm32f407xx.o(.text)
    PVD_IRQHandler                           0x080001b7   Thumb Code     0  startup_stm32f407xx.o(.text)
    RCC_IRQHandler                           0x080001b7   Thumb Code     0  startup_stm32f407xx.o(.text)
    RTC_Alarm_IRQHandler                     0x080001b7   Thumb Code     0  startup_stm32f407xx.o(.text)
    RTC_WKUP_IRQHandler                      0x080001b7   Thumb Code     0  startup_stm32f407xx.o(.text)
    SDIO_IRQHandler                          0x080001b7   Thumb Code     0  startup_stm32f407xx.o(.text)
    SPI1_IRQHandler                          0x080001b7   Thumb Code     0  startup_stm32f407xx.o(.text)
    SPI2_IRQHandler                          0x080001b7   Thumb Code     0  startup_stm32f407xx.o(.text)
    SPI3_IRQHandler                          0x080001b7   Thumb Code     0  startup_stm32f407xx.o(.text)
    TAMP_STAMP_IRQHandler                    0x080001b7   Thumb Code     0  startup_stm32f407xx.o(.text)
    TIM1_BRK_TIM9_IRQHandler                 0x080001b7   Thumb Code     0  startup_stm32f407xx.o(.text)
    TIM1_CC_IRQHandler                       0x080001b7   Thumb Code     0  startup_stm32f407xx.o(.text)
    TIM1_TRG_COM_TIM11_IRQHandler            0x080001b7   Thumb Code     0  startup_stm32f407xx.o(.text)
    TIM1_UP_TIM10_IRQHandler                 0x080001b7   Thumb Code     0  startup_stm32f407xx.o(.text)
    TIM2_IRQHandler                          0x080001b7   Thumb Code     0  startup_stm32f407xx.o(.text)
    TIM3_IRQHandler                          0x080001b7   Thumb Code     0  startup_stm32f407xx.o(.text)
    TIM4_IRQHandler                          0x080001b7   Thumb Code     0  startup_stm32f407xx.o(.text)
    TIM5_IRQHandler                          0x080001b7   Thumb Code     0  startup_stm32f407xx.o(.text)
    TIM6_DAC_IRQHandler                      0x080001b7   Thumb Code     0  startup_stm32f407xx.o(.text)
    TIM7_IRQHandler                          0x080001b7   Thumb Code     0  startup_stm32f407xx.o(.text)
    TIM8_BRK_TIM12_IRQHandler                0x080001b7   Thumb Code     0  startup_stm32f407xx.o(.text)
    TIM8_CC_IRQHandler                       0x080001b7   Thumb Code     0  startup_stm32f407xx.o(.text)
    TIM8_TRG_COM_TIM14_IRQHandler            0x080001b7   Thumb Code     0  startup_stm32f407xx.o(.text)
    TIM8_UP_TIM13_IRQHandler                 0x080001b7   Thumb Code     0  startup_stm32f407xx.o(.text)
    UART4_IRQHandler                         0x080001b7   Thumb Code     0  startup_stm32f407xx.o(.text)
    UART5_IRQHandler                         0x080001b7   Thumb Code     0  startup_stm32f407xx.o(.text)
    USART3_IRQHandler                        0x080001b7   Thumb Code     0  startup_stm32f407xx.o(.text)
    USART6_IRQHandler                        0x080001b7   Thumb Code     0  startup_stm32f407xx.o(.text)
    WWDG_IRQHandler                          0x080001b7   Thumb Code     0  startup_stm32f407xx.o(.text)
    __aeabi_uldivmod                         0x080001c1   Thumb Code    98  uldiv.o(.text)
    __aeabi_memcpy                           0x08000223   Thumb Code    36  memcpya.o(.text)
    __aeabi_memcpy4                          0x08000223   Thumb Code     0  memcpya.o(.text)
    __aeabi_memcpy8                          0x08000223   Thumb Code     0  memcpya.o(.text)
    __aeabi_memset                           0x08000247   Thumb Code    14  memseta.o(.text)
    __aeabi_memset4                          0x08000247   Thumb Code     0  memseta.o(.text)
    __aeabi_memset8                          0x08000247   Thumb Code     0  memseta.o(.text)
    __aeabi_memclr                           0x08000255   Thumb Code     4  memseta.o(.text)
    __aeabi_memclr4                          0x08000255   Thumb Code     0  memseta.o(.text)
    __aeabi_memclr8                          0x08000255   Thumb Code     0  memseta.o(.text)
    _memset$wrapper                          0x08000259   Thumb Code    18  memseta.o(.text)
    strstr                                   0x0800026b   Thumb Code    36  strstr.o(.text)
    __aeabi_ddiv                             0x0800028f   Thumb Code   222  ddiv.o(.text)
    __aeabi_f2d                              0x0800036d   Thumb Code    38  f2d.o(.text)
    __aeabi_d2f                              0x08000393   Thumb Code    56  d2f.o(.text)
    __aeabi_uidiv                            0x080003cb   Thumb Code     0  uidiv.o(.text)
    __aeabi_uidivmod                         0x080003cb   Thumb Code    44  uidiv.o(.text)
    __aeabi_llsl                             0x080003f7   Thumb Code    30  llshl.o(.text)
    _ll_shift_l                              0x080003f7   Thumb Code     0  llshl.o(.text)
    __aeabi_llsr                             0x08000415   Thumb Code    32  llushr.o(.text)
    _ll_ushift_r                             0x08000415   Thumb Code     0  llushr.o(.text)
    __I$use$fp                               0x08000435   Thumb Code     0  iusefp.o(.text)
    _float_round                             0x08000435   Thumb Code    18  fepilogue.o(.text)
    _float_epilogue                          0x08000447   Thumb Code    92  fepilogue.o(.text)
    _double_round                            0x080004a3   Thumb Code    30  depilogue.o(.text)
    _double_epilogue                         0x080004c1   Thumb Code   156  depilogue.o(.text)
    __aeabi_dadd                             0x0800055d   Thumb Code   322  dadd.o(.text)
    __aeabi_dsub                             0x0800069f   Thumb Code     6  dadd.o(.text)
    __aeabi_drsub                            0x080006a5   Thumb Code     6  dadd.o(.text)
    __aeabi_dmul                             0x080006ab   Thumb Code   228  dmul.o(.text)
    __aeabi_d2ulz                            0x0800078f   Thumb Code    48  dfixul.o(.text)
    __aeabi_cdrcmple                         0x080007c1   Thumb Code    48  cdrcmple.o(.text)
    __scatterload                            0x080007f1   Thumb Code    28  init.o(.text)
    __scatterload_rt2                        0x080007f1   Thumb Code     0  init.o(.text)
    __aeabi_lasr                             0x08000815   Thumb Code    36  llsshr.o(.text)
    _ll_sshift_r                             0x08000815   Thumb Code     0  llsshr.o(.text)
    BusFault_Handler                         0x080009e1   Thumb Code     2  stm32f4xx_it.o(i.BusFault_Handler)
    DHT11_Init                               0x080009e5   Thumb Code    38  dht11.o(i.DHT11_Init)
    DHT11_Read_TempAndHumidity               0x08000a95   Thumb Code   238  dht11.o(i.DHT11_Read_TempAndHumidity)
    DMA2_Stream0_IRQHandler                  0x08000b8d   Thumb Code     6  stm32f4xx_it.o(i.DMA2_Stream0_IRQHandler)
    DebugMon_Handler                         0x08000c3d   Thumb Code     2  stm32f4xx_it.o(i.DebugMon_Handler)
    Error_Handler                            0x08000c41   Thumb Code    12  main.o(i.Error_Handler)
    FLASH_Erase_Sector                       0x08000c65   Thumb Code    74  stm32f4xx_hal_flash_ex.o(i.FLASH_Erase_Sector)
    FLASH_FlushCaches                        0x08000cb5   Thumb Code    80  stm32f4xx_hal_flash_ex.o(i.FLASH_FlushCaches)
    FLASH_WaitForLastOperation               0x08000e29   Thumb Code    72  stm32f4xx_hal_flash.o(i.FLASH_WaitForLastOperation)
    HAL_ADC_ConfigChannel                    0x08000e79   Thumb Code   316  stm32f4xx_hal_adc.o(i.HAL_ADC_ConfigChannel)
    HAL_ADC_ConvCpltCallback                 0x08000fc5   Thumb Code     2  stm32f4xx_hal_adc.o(i.HAL_ADC_ConvCpltCallback)
    HAL_ADC_ConvHalfCpltCallback             0x08000fc7   Thumb Code     2  stm32f4xx_hal_adc.o(i.HAL_ADC_ConvHalfCpltCallback)
    HAL_ADC_ErrorCallback                    0x08000fc9   Thumb Code     2  stm32f4xx_hal_adc.o(i.HAL_ADC_ErrorCallback)
    HAL_ADC_Init                             0x08000fcb   Thumb Code    84  stm32f4xx_hal_adc.o(i.HAL_ADC_Init)
    HAL_ADC_MspInit                          0x08001021   Thumb Code   132  adc.o(i.HAL_ADC_MspInit)
    HAL_ADC_Start_DMA                        0x080010b9   Thumb Code   228  stm32f4xx_hal_adc.o(i.HAL_ADC_Start_DMA)
    HAL_DMA_Abort_IT                         0x080011b9   Thumb Code    36  stm32f4xx_hal_dma.o(i.HAL_DMA_Abort_IT)
    HAL_DMA_IRQHandler                       0x080011dd   Thumb Code   412  stm32f4xx_hal_dma.o(i.HAL_DMA_IRQHandler)
    HAL_DMA_Init                             0x0800137d   Thumb Code   206  stm32f4xx_hal_dma.o(i.HAL_DMA_Init)
    HAL_DMA_Start_IT                         0x08001451   Thumb Code   120  stm32f4xx_hal_dma.o(i.HAL_DMA_Start_IT)
    HAL_Delay                                0x080014c9   Thumb Code    32  stm32f4xx_hal.o(i.HAL_Delay)
    HAL_FLASHEx_Erase                        0x080014ed   Thumb Code   144  stm32f4xx_hal_flash_ex.o(i.HAL_FLASHEx_Erase)
    HAL_FLASH_Lock                           0x08001585   Thumb Code    14  stm32f4xx_hal_flash.o(i.HAL_FLASH_Lock)
    HAL_FLASH_Program                        0x08001599   Thumb Code   116  stm32f4xx_hal_flash.o(i.HAL_FLASH_Program)
    HAL_FLASH_Unlock                         0x08001615   Thumb Code    32  stm32f4xx_hal_flash.o(i.HAL_FLASH_Unlock)
    HAL_GPIO_Init                            0x08001641   Thumb Code   388  stm32f4xx_hal_gpio.o(i.HAL_GPIO_Init)
    HAL_GPIO_ReadPin                         0x080017f1   Thumb Code    10  stm32f4xx_hal_gpio.o(i.HAL_GPIO_ReadPin)
    HAL_GPIO_WritePin                        0x080017fb   Thumb Code    10  stm32f4xx_hal_gpio.o(i.HAL_GPIO_WritePin)
    HAL_GetTick                              0x08001805   Thumb Code     6  stm32f4xx_hal.o(i.HAL_GetTick)
    HAL_IncTick                              0x08001811   Thumb Code    12  stm32f4xx_hal.o(i.HAL_IncTick)
    HAL_Init                                 0x08001821   Thumb Code    48  stm32f4xx_hal.o(i.HAL_Init)
    HAL_InitTick                             0x08001855   Thumb Code    54  stm32f4xx_hal.o(i.HAL_InitTick)
    HAL_MspInit                              0x08001895   Thumb Code    42  stm32f4xx_hal_msp.o(i.HAL_MspInit)
    HAL_NVIC_EnableIRQ                       0x080018c5   Thumb Code    22  stm32f4xx_hal_cortex.o(i.HAL_NVIC_EnableIRQ)
    HAL_NVIC_SetPriority                     0x080018dd   Thumb Code    60  stm32f4xx_hal_cortex.o(i.HAL_NVIC_SetPriority)
    HAL_NVIC_SetPriorityGrouping             0x0800191d   Thumb Code    26  stm32f4xx_hal_cortex.o(i.HAL_NVIC_SetPriorityGrouping)
    HAL_RCC_CSSCallback                      0x08001941   Thumb Code     2  stm32f4xx_hal_rcc.o(i.HAL_RCC_CSSCallback)
    HAL_RCC_ClockConfig                      0x08001945   Thumb Code   286  stm32f4xx_hal_rcc.o(i.HAL_RCC_ClockConfig)
    HAL_RCC_EnableCSS                        0x08001a75   Thumb Code     8  stm32f4xx_hal_rcc.o(i.HAL_RCC_EnableCSS)
    HAL_RCC_GetPCLK1Freq                     0x08001a81   Thumb Code    20  stm32f4xx_hal_rcc.o(i.HAL_RCC_GetPCLK1Freq)
    HAL_RCC_GetPCLK2Freq                     0x08001aa1   Thumb Code    20  stm32f4xx_hal_rcc.o(i.HAL_RCC_GetPCLK2Freq)
    HAL_RCC_GetSysClockFreq                  0x08001ac1   Thumb Code    88  stm32f4xx_hal_rcc.o(i.HAL_RCC_GetSysClockFreq)
    HAL_RCC_NMI_IRQHandler                   0x08001b21   Thumb Code    24  stm32f4xx_hal_rcc.o(i.HAL_RCC_NMI_IRQHandler)
    HAL_RCC_OscConfig                        0x08001b3d   Thumb Code   770  stm32f4xx_hal_rcc.o(i.HAL_RCC_OscConfig)
    HAL_SYSTICK_Config                       0x08001e59   Thumb Code    40  stm32f4xx_hal_cortex.o(i.HAL_SYSTICK_Config)
    HAL_TIMEx_MasterConfigSynchronization    0x08001e81   Thumb Code    80  stm32f4xx_hal_tim_ex.o(i.HAL_TIMEx_MasterConfigSynchronization)
    HAL_TIM_Base_Init                        0x08001ed1   Thumb Code    54  stm32f4xx_hal_tim.o(i.HAL_TIM_Base_Init)
    HAL_TIM_Base_MspInit                     0x08001f09   Thumb Code    30  tim.o(i.HAL_TIM_Base_MspInit)
    HAL_TIM_Base_Start                       0x08001f31   Thumb Code    26  stm32f4xx_hal_tim.o(i.HAL_TIM_Base_Start)
    HAL_TIM_Base_Stop                        0x08001f4b   Thumb Code    44  stm32f4xx_hal_tim.o(i.HAL_TIM_Base_Stop)
    HAL_UART_ErrorCallback                   0x08001f77   Thumb Code     2  stm32f4xx_hal_uart.o(i.HAL_UART_ErrorCallback)
    HAL_UART_IRQHandler                      0x08001f79   Thumb Code   266  stm32f4xx_hal_uart.o(i.HAL_UART_IRQHandler)
    HAL_UART_Init                            0x08002089   Thumb Code    98  stm32f4xx_hal_uart.o(i.HAL_UART_Init)
    HAL_UART_MspInit                         0x080020ed   Thumb Code   170  usart.o(i.HAL_UART_MspInit)
    HAL_UART_Receive_IT                      0x080021a9   Thumb Code    72  stm32f4xx_hal_uart.o(i.HAL_UART_Receive_IT)
    HAL_UART_RxCpltCallback                  0x080021f1   Thumb Code   216  main.o(i.HAL_UART_RxCpltCallback)
    HAL_UART_Transmit                        0x08002335   Thumb Code   186  stm32f4xx_hal_uart.o(i.HAL_UART_Transmit)
    HAL_UART_TxCpltCallback                  0x080023ef   Thumb Code     2  stm32f4xx_hal_uart.o(i.HAL_UART_TxCpltCallback)
    HardFault_Handler                        0x080023f1   Thumb Code     2  stm32f4xx_it.o(i.HardFault_Handler)
    IIC_ReadByte                             0x080023f5   Thumb Code   100  gy-30.o(i.IIC_ReadByte)
    IIC_ReceiveACK                           0x0800245d   Thumb Code    70  gy-30.o(i.IIC_ReceiveACK)
    IIC_SendACK                              0x080024a9   Thumb Code    64  gy-30.o(i.IIC_SendACK)
    IIC_SendByte                             0x080024ed   Thumb Code   116  gy-30.o(i.IIC_SendByte)
    IIC_Start                                0x08002565   Thumb Code    62  gy-30.o(i.IIC_Start)
    IIC_Stop                                 0x080025a9   Thumb Code    54  gy-30.o(i.IIC_Stop)
    Init_BH1750                              0x080025e5   Thumb Code    18  gy-30.o(i.Init_BH1750)
    MX_ADC1_Init                             0x080025f9   Thumb Code    84  adc.o(i.MX_ADC1_Init)
    MX_DMA_Init                              0x08002659   Thumb Code    40  dma.o(i.MX_DMA_Init)
    MX_GPIO_Init                             0x08002685   Thumb Code   254  gpio.o(i.MX_GPIO_Init)
    MX_TIM7_Init                             0x08002795   Thumb Code    56  tim.o(i.MX_TIM7_Init)
    MX_USART1_UART_Init                      0x080027d5   Thumb Code    48  usart.o(i.MX_USART1_UART_Init)
    MX_USART2_UART_Init                      0x0800280d   Thumb Code    48  usart.o(i.MX_USART2_UART_Init)
    MemManage_Handler                        0x08002845   Thumb Code     2  stm32f4xx_it.o(i.MemManage_Handler)
    Multiple_Read_BH1750                     0x08002849   Thumb Code    58  gy-30.o(i.Multiple_Read_BH1750)
    NMI_Handler                              0x08002889   Thumb Code     4  stm32f4xx_it.o(i.NMI_Handler)
    PendSV_Handler                           0x080028ad   Thumb Code     2  stm32f4xx_it.o(i.PendSV_Handler)
    ReadDataFromFlash                        0x080028b1   Thumb Code    84  main.o(i.ReadDataFromFlash)
    SVC_Handler                              0x0800290d   Thumb Code     2  stm32f4xx_it.o(i.SVC_Handler)
    Single_Write_BH1750                      0x0800290f   Thumb Code    28  gy-30.o(i.Single_Write_BH1750)
    SysTick_Handler                          0x0800292b   Thumb Code     4  stm32f4xx_it.o(i.SysTick_Handler)
    SystemClock_Config                       0x08002931   Thumb Code   140  main.o(i.SystemClock_Config)
    SystemInit                               0x080029c5   Thumb Code    66  system_stm32f4xx.o(i.SystemInit)
    TIM_Base_SetConfig                       0x08002a19   Thumb Code   148  stm32f4xx_hal_tim.o(i.TIM_Base_SetConfig)
    USART1_IRQHandler                        0x08002f05   Thumb Code     6  stm32f4xx_it.o(i.USART1_IRQHandler)
    USART2_IRQHandler                        0x08002f11   Thumb Code     6  stm32f4xx_it.o(i.USART2_IRQHandler)
    UsageFault_Handler                       0x08002f1d   Thumb Code     2  stm32f4xx_it.o(i.UsageFault_Handler)
    Value_GY30                               0x08002f21   Thumb Code    82  gy-30.o(i.Value_GY30)
    __0sprintf                               0x08002f81   Thumb Code    34  printfa.o(i.__0sprintf)
    __1sprintf                               0x08002f81   Thumb Code     0  printfa.o(i.__0sprintf)
    __2sprintf                               0x08002f81   Thumb Code     0  printfa.o(i.__0sprintf)
    __c89sprintf                             0x08002f81   Thumb Code     0  printfa.o(i.__0sprintf)
    sprintf                                  0x08002f81   Thumb Code     0  printfa.o(i.__0sprintf)
    __scatterload_copy                       0x08002fa9   Thumb Code    14  handlers.o(i.__scatterload_copy)
    __scatterload_null                       0x08002fb7   Thumb Code     2  handlers.o(i.__scatterload_null)
    __scatterload_zeroinit                   0x08002fb9   Thumb Code    14  handlers.o(i.__scatterload_zeroinit)
    delay_us                                 0x08003885   Thumb Code    44  tim.o(i.delay_us)
    main                                     0x080038b5   Thumb Code   490  main.o(i.main)
    printFlashTest                           0x08003ae9   Thumb Code     4  flash.o(i.printFlashTest)
    writeFlashTest                           0x08003aed   Thumb Code    78  flash.o(i.writeFlashTest)
    AHBPrescTable                            0x08003b54   Data          16  system_stm32f4xx.o(.constdata)
    APBPrescTable                            0x08003b64   Data           8  system_stm32f4xx.o(.constdata)
    Region$$Table$$Base                      0x08003b6c   Number         0  anon$$obj.o(Region$$Table)
    Region$$Table$$Limit                     0x08003b8c   Number         0  anon$$obj.o(Region$$Table)
    startAddress                             0x20000000   Data           4  flash.o(.data)
    endAddress                               0x20000004   Data           4  flash.o(.data)
    rxBufLen                                 0x20000008   Data           1  main.o(.data)
    rxByte                                   0x20000009   Data           1  main.o(.data)
    min_humi                                 0x2000000a   Data           2  main.o(.data)
    max_humi                                 0x2000000c   Data           2  main.o(.data)
    dis_data                                 0x20000010   Data           4  gy-30.o(.data)
    Value_GY_30                              0x20000014   Data           4  gy-30.o(.data)
    BUF                                      0x20000018   Data           8  gy-30.o(.data)
    uwTickFreq                               0x20000020   Data           1  stm32f4xx_hal.o(.data)
    uwTickPrio                               0x20000024   Data           4  stm32f4xx_hal.o(.data)
    uwTick                                   0x20000028   Data           4  stm32f4xx_hal.o(.data)
    SystemCoreClock                          0x2000002c   Data           4  system_stm32f4xx.o(.data)
    aRxBuffer2                               0x20000044   Data          64  main.o(.bss)
    hadc1                                    0x20000084   Data          72  adc.o(.bss)
    hdma_adc1                                0x200000cc   Data          96  adc.o(.bss)
    htim7                                    0x2000012c   Data          60  tim.o(.bss)
    huart1                                   0x20000168   Data          64  usart.o(.bss)
    huart2                                   0x200001a8   Data          64  usart.o(.bss)
    pFlash                                   0x200001e8   Data          32  stm32f4xx_hal_flash.o(.bss)
    __initial_sp                             0x20004208   Data           0  startup_stm32f407xx.o(STACK)



==============================================================================

Memory Map of the image

  Image Entry point : 0x08000189

  Load Region LR_IROM1 (Base: 0x08000000, Size: 0x00003bbc, Max: 0x00100000, ABSOLUTE)

    Execution Region ER_IROM1 (Base: 0x08000000, Size: 0x00003b8c, Max: 0x00100000, ABSOLUTE)

    Base Addr    Size         Type   Attr      Idx    E Section Name        Object

    0x08000000   0x00000188   Data   RO            3    RESET               startup_stm32f407xx.o
    0x08000188   0x00000000   Code   RO         3215  * .ARM.Collect$$$$00000000  mc_w.l(entry.o)
    0x08000188   0x00000004   Code   RO         3495    .ARM.Collect$$$$00000001  mc_w.l(entry2.o)
    0x0800018c   0x00000004   Code   RO         3498    .ARM.Collect$$$$00000004  mc_w.l(entry5.o)
    0x08000190   0x00000000   Code   RO         3500    .ARM.Collect$$$$00000008  mc_w.l(entry7b.o)
    0x08000190   0x00000000   Code   RO         3502    .ARM.Collect$$$$0000000A  mc_w.l(entry8b.o)
    0x08000190   0x00000008   Code   RO         3503    .ARM.Collect$$$$0000000B  mc_w.l(entry9a.o)
    0x08000198   0x00000000   Code   RO         3505    .ARM.Collect$$$$0000000D  mc_w.l(entry10a.o)
    0x08000198   0x00000000   Code   RO         3507    .ARM.Collect$$$$0000000F  mc_w.l(entry11a.o)
    0x08000198   0x00000004   Code   RO         3496    .ARM.Collect$$$$00002712  mc_w.l(entry2.o)
    0x0800019c   0x00000024   Code   RO            4    .text               startup_stm32f407xx.o
    0x080001c0   0x00000062   Code   RO         3218    .text               mc_w.l(uldiv.o)
    0x08000222   0x00000024   Code   RO         3220    .text               mc_w.l(memcpya.o)
    0x08000246   0x00000024   Code   RO         3222    .text               mc_w.l(memseta.o)
    0x0800026a   0x00000024   Code   RO         3224    .text               mc_w.l(strstr.o)
    0x0800028e   0x000000de   Code   RO         3489    .text               mf_w.l(ddiv.o)
    0x0800036c   0x00000026   Code   RO         3491    .text               mf_w.l(f2d.o)
    0x08000392   0x00000038   Code   RO         3493    .text               mf_w.l(d2f.o)
    0x080003ca   0x0000002c   Code   RO         3512    .text               mc_w.l(uidiv.o)
    0x080003f6   0x0000001e   Code   RO         3514    .text               mc_w.l(llshl.o)
    0x08000414   0x00000020   Code   RO         3516    .text               mc_w.l(llushr.o)
    0x08000434   0x00000000   Code   RO         3518    .text               mc_w.l(iusefp.o)
    0x08000434   0x0000006e   Code   RO         3519    .text               mf_w.l(fepilogue.o)
    0x080004a2   0x000000ba   Code   RO         3521    .text               mf_w.l(depilogue.o)
    0x0800055c   0x0000014e   Code   RO         3523    .text               mf_w.l(dadd.o)
    0x080006aa   0x000000e4   Code   RO         3525    .text               mf_w.l(dmul.o)
    0x0800078e   0x00000030   Code   RO         3527    .text               mf_w.l(dfixul.o)
    0x080007be   0x00000002   PAD
    0x080007c0   0x00000030   Code   RO         3529    .text               mf_w.l(cdrcmple.o)
    0x080007f0   0x00000024   Code   RO         3531    .text               mc_w.l(init.o)
    0x08000814   0x00000024   Code   RO         3534    .text               mc_w.l(llsshr.o)
    0x08000838   0x00000062   Code   RO          664    i.ADC_DMAConvCplt   stm32f4xx_hal_adc.o
    0x0800089a   0x00000016   Code   RO          665    i.ADC_DMAError      stm32f4xx_hal_adc.o
    0x080008b0   0x0000000a   Code   RO          666    i.ADC_DMAHalfConvCplt  stm32f4xx_hal_adc.o
    0x080008ba   0x00000002   PAD
    0x080008bc   0x00000124   Code   RO          667    i.ADC_Init          stm32f4xx_hal_adc.o
    0x080009e0   0x00000002   Code   RO          462    i.BusFault_Handler  stm32f4xx_it.o
    0x080009e2   0x00000002   PAD
    0x080009e4   0x00000030   Code   RO           13    i.DHT11_Init        dht11.o
    0x08000a14   0x00000020   Code   RO           14    i.DHT11_Mode_Out_PP  dht11.o
    0x08000a34   0x00000060   Code   RO           15    i.DHT11_ReadByte    dht11.o
    0x08000a94   0x000000f8   Code   RO           16    i.DHT11_Read_TempAndHumidity  dht11.o
    0x08000b8c   0x0000000c   Code   RO          463    i.DMA2_Stream0_IRQHandler  stm32f4xx_it.o
    0x08000b98   0x00000028   Code   RO         2594    i.DMA_CalcBaseAndBitshift  stm32f4xx_hal_dma.o
    0x08000bc0   0x00000054   Code   RO         2595    i.DMA_CheckFifoParam  stm32f4xx_hal_dma.o
    0x08000c14   0x00000028   Code   RO         2596    i.DMA_SetConfig     stm32f4xx_hal_dma.o
    0x08000c3c   0x00000002   Code   RO          464    i.DebugMon_Handler  stm32f4xx_it.o
    0x08000c3e   0x00000002   PAD
    0x08000c40   0x00000024   Code   RO          199    i.Error_Handler     main.o
    0x08000c64   0x00000050   Code   RO         2409    i.FLASH_Erase_Sector  stm32f4xx_hal_flash_ex.o
    0x08000cb4   0x00000054   Code   RO         2410    i.FLASH_FlushCaches  stm32f4xx_hal_flash_ex.o
    0x08000d08   0x00000028   Code   RO         2411    i.FLASH_MassErase   stm32f4xx_hal_flash_ex.o
    0x08000d30   0x00000020   Code   RO         2291    i.FLASH_Program_Byte  stm32f4xx_hal_flash.o
    0x08000d50   0x00000028   Code   RO         2292    i.FLASH_Program_DoubleWord  stm32f4xx_hal_flash.o
    0x08000d78   0x00000024   Code   RO         2293    i.FLASH_Program_HalfWord  stm32f4xx_hal_flash.o
    0x08000d9c   0x00000024   Code   RO         2294    i.FLASH_Program_Word  stm32f4xx_hal_flash.o
    0x08000dc0   0x00000068   Code   RO         2295    i.FLASH_SetErrorCode  stm32f4xx_hal_flash.o
    0x08000e28   0x00000050   Code   RO         2296    i.FLASH_WaitForLastOperation  stm32f4xx_hal_flash.o
    0x08000e78   0x0000014c   Code   RO          669    i.HAL_ADC_ConfigChannel  stm32f4xx_hal_adc.o
    0x08000fc4   0x00000002   Code   RO          670    i.HAL_ADC_ConvCpltCallback  stm32f4xx_hal_adc.o
    0x08000fc6   0x00000002   Code   RO          671    i.HAL_ADC_ConvHalfCpltCallback  stm32f4xx_hal_adc.o
    0x08000fc8   0x00000002   Code   RO          673    i.HAL_ADC_ErrorCallback  stm32f4xx_hal_adc.o
    0x08000fca   0x00000054   Code   RO          678    i.HAL_ADC_Init      stm32f4xx_hal_adc.o
    0x0800101e   0x00000002   PAD
    0x08001020   0x00000098   Code   RO          301    i.HAL_ADC_MspInit   adc.o
    0x080010b8   0x00000100   Code   RO          685    i.HAL_ADC_Start_DMA  stm32f4xx_hal_adc.o
    0x080011b8   0x00000024   Code   RO         2598    i.HAL_DMA_Abort_IT  stm32f4xx_hal_dma.o
    0x080011dc   0x000001a0   Code   RO         2602    i.HAL_DMA_IRQHandler  stm32f4xx_hal_dma.o
    0x0800137c   0x000000d4   Code   RO         2603    i.HAL_DMA_Init      stm32f4xx_hal_dma.o
    0x08001450   0x00000078   Code   RO         2607    i.HAL_DMA_Start_IT  stm32f4xx_hal_dma.o
    0x080014c8   0x00000024   Code   RO         3016    i.HAL_Delay         stm32f4xx_hal.o
    0x080014ec   0x00000098   Code   RO         2412    i.HAL_FLASHEx_Erase  stm32f4xx_hal_flash_ex.o
    0x08001584   0x00000014   Code   RO         2300    i.HAL_FLASH_Lock    stm32f4xx_hal_flash.o
    0x08001598   0x0000007c   Code   RO         2305    i.HAL_FLASH_Program  stm32f4xx_hal_flash.o
    0x08001614   0x0000002c   Code   RO         2307    i.HAL_FLASH_Unlock  stm32f4xx_hal_flash.o
    0x08001640   0x000001b0   Code   RO         2490    i.HAL_GPIO_Init     stm32f4xx_hal_gpio.o
    0x080017f0   0x0000000a   Code   RO         2492    i.HAL_GPIO_ReadPin  stm32f4xx_hal_gpio.o
    0x080017fa   0x0000000a   Code   RO         2494    i.HAL_GPIO_WritePin  stm32f4xx_hal_gpio.o
    0x08001804   0x0000000c   Code   RO         3022    i.HAL_GetTick       stm32f4xx_hal.o
    0x08001810   0x00000010   Code   RO         3026    i.HAL_IncTick       stm32f4xx_hal.o
    0x08001820   0x00000034   Code   RO         3027    i.HAL_Init          stm32f4xx_hal.o
    0x08001854   0x00000040   Code   RO         3028    i.HAL_InitTick      stm32f4xx_hal.o
    0x08001894   0x00000030   Code   RO          556    i.HAL_MspInit       stm32f4xx_hal_msp.o
    0x080018c4   0x00000016   Code   RO         2879    i.HAL_NVIC_EnableIRQ  stm32f4xx_hal_cortex.o
    0x080018da   0x00000002   PAD
    0x080018dc   0x00000040   Code   RO         2885    i.HAL_NVIC_SetPriority  stm32f4xx_hal_cortex.o
    0x0800191c   0x00000024   Code   RO         2886    i.HAL_NVIC_SetPriorityGrouping  stm32f4xx_hal_cortex.o
    0x08001940   0x00000002   Code   RO         2135    i.HAL_RCC_CSSCallback  stm32f4xx_hal_rcc.o
    0x08001942   0x00000002   PAD
    0x08001944   0x00000130   Code   RO         2136    i.HAL_RCC_ClockConfig  stm32f4xx_hal_rcc.o
    0x08001a74   0x0000000c   Code   RO         2139    i.HAL_RCC_EnableCSS  stm32f4xx_hal_rcc.o
    0x08001a80   0x00000020   Code   RO         2143    i.HAL_RCC_GetPCLK1Freq  stm32f4xx_hal_rcc.o
    0x08001aa0   0x00000020   Code   RO         2144    i.HAL_RCC_GetPCLK2Freq  stm32f4xx_hal_rcc.o
    0x08001ac0   0x00000060   Code   RO         2145    i.HAL_RCC_GetSysClockFreq  stm32f4xx_hal_rcc.o
    0x08001b20   0x0000001c   Code   RO         2147    i.HAL_RCC_NMI_IRQHandler  stm32f4xx_hal_rcc.o
    0x08001b3c   0x0000031c   Code   RO         2148    i.HAL_RCC_OscConfig  stm32f4xx_hal_rcc.o
    0x08001e58   0x00000028   Code   RO         2890    i.HAL_SYSTICK_Config  stm32f4xx_hal_cortex.o
    0x08001e80   0x00000050   Code   RO         1587    i.HAL_TIMEx_MasterConfigSynchronization  stm32f4xx_hal_tim_ex.o
    0x08001ed0   0x00000036   Code   RO          941    i.HAL_TIM_Base_Init  stm32f4xx_hal_tim.o
    0x08001f06   0x00000002   PAD
    0x08001f08   0x00000028   Code   RO          367    i.HAL_TIM_Base_MspInit  tim.o
    0x08001f30   0x0000001a   Code   RO          944    i.HAL_TIM_Base_Start  stm32f4xx_hal_tim.o
    0x08001f4a   0x0000002c   Code   RO          947    i.HAL_TIM_Base_Stop  stm32f4xx_hal_tim.o
    0x08001f76   0x00000002   Code   RO         1830    i.HAL_UART_ErrorCallback  stm32f4xx_hal_uart.o
    0x08001f78   0x00000110   Code   RO         1833    i.HAL_UART_IRQHandler  stm32f4xx_hal_uart.o
    0x08002088   0x00000062   Code   RO         1834    i.HAL_UART_Init     stm32f4xx_hal_uart.o
    0x080020ea   0x00000002   PAD
    0x080020ec   0x000000bc   Code   RO          415    i.HAL_UART_MspInit  usart.o
    0x080021a8   0x00000048   Code   RO         1839    i.HAL_UART_Receive_IT  stm32f4xx_hal_uart.o
    0x080021f0   0x00000144   Code   RO          200    i.HAL_UART_RxCpltCallback  main.o
    0x08002334   0x000000ba   Code   RO         1842    i.HAL_UART_Transmit  stm32f4xx_hal_uart.o
    0x080023ee   0x00000002   Code   RO         1845    i.HAL_UART_TxCpltCallback  stm32f4xx_hal_uart.o
    0x080023f0   0x00000002   Code   RO          465    i.HardFault_Handler  stm32f4xx_it.o
    0x080023f2   0x00000002   PAD
    0x080023f4   0x00000068   Code   RO          580    i.IIC_ReadByte      gy-30.o
    0x0800245c   0x0000004c   Code   RO          581    i.IIC_ReceiveACK    gy-30.o
    0x080024a8   0x00000044   Code   RO          582    i.IIC_SendACK       gy-30.o
    0x080024ec   0x00000078   Code   RO          583    i.IIC_SendByte      gy-30.o
    0x08002564   0x00000044   Code   RO          584    i.IIC_Start         gy-30.o
    0x080025a8   0x0000003c   Code   RO          585    i.IIC_Stop          gy-30.o
    0x080025e4   0x00000012   Code   RO          586    i.Init_BH1750       gy-30.o
    0x080025f6   0x00000002   PAD
    0x080025f8   0x00000060   Code   RO          302    i.MX_ADC1_Init      adc.o
    0x08002658   0x0000002c   Code   RO          342    i.MX_DMA_Init       dma.o
    0x08002684   0x00000110   Code   RO          276    i.MX_GPIO_Init      gpio.o
    0x08002794   0x00000040   Code   RO          368    i.MX_TIM7_Init      tim.o
    0x080027d4   0x00000038   Code   RO          416    i.MX_USART1_UART_Init  usart.o
    0x0800280c   0x00000038   Code   RO          417    i.MX_USART2_UART_Init  usart.o
    0x08002844   0x00000002   Code   RO          466    i.MemManage_Handler  stm32f4xx_it.o
    0x08002846   0x00000002   PAD
    0x08002848   0x00000040   Code   RO          587    i.Multiple_Read_BH1750  gy-30.o
    0x08002888   0x00000004   Code   RO          467    i.NMI_Handler       stm32f4xx_it.o
    0x0800288c   0x00000020   Code   RO         2892    i.NVIC_SetPriority  stm32f4xx_hal_cortex.o
    0x080028ac   0x00000002   Code   RO          468    i.PendSV_Handler    stm32f4xx_it.o
    0x080028ae   0x00000002   PAD
    0x080028b0   0x0000005c   Code   RO          201    i.ReadDataFromFlash  main.o
    0x0800290c   0x00000002   Code   RO          469    i.SVC_Handler       stm32f4xx_it.o
    0x0800290e   0x0000001c   Code   RO          588    i.Single_Write_BH1750  gy-30.o
    0x0800292a   0x00000004   Code   RO          470    i.SysTick_Handler   stm32f4xx_it.o
    0x0800292e   0x00000002   PAD
    0x08002930   0x00000094   Code   RO          202    i.SystemClock_Config  main.o
    0x080029c4   0x00000054   Code   RO         3181    i.SystemInit        system_stm32f4xx.o
    0x08002a18   0x000000c0   Code   RO         1025    i.TIM_Base_SetConfig  stm32f4xx_hal_tim.o
    0x08002ad8   0x00000010   Code   RO         1847    i.UART_DMAAbortOnError  stm32f4xx_hal_uart.o
    0x08002ae8   0x0000001c   Code   RO         1857    i.UART_EndRxTransfer  stm32f4xx_hal_uart.o
    0x08002b04   0x0000008c   Code   RO         1859    i.UART_Receive_IT   stm32f4xx_hal_uart.o
    0x08002b90   0x000002ac   Code   RO         1860    i.UART_SetConfig    stm32f4xx_hal_uart.o
    0x08002e3c   0x00000062   Code   RO         1861    i.UART_Transmit_IT  stm32f4xx_hal_uart.o
    0x08002e9e   0x00000064   Code   RO         1862    i.UART_WaitOnFlagUntilTimeout  stm32f4xx_hal_uart.o
    0x08002f02   0x00000002   PAD
    0x08002f04   0x0000000c   Code   RO          471    i.USART1_IRQHandler  stm32f4xx_it.o
    0x08002f10   0x0000000c   Code   RO          472    i.USART2_IRQHandler  stm32f4xx_it.o
    0x08002f1c   0x00000002   Code   RO          473    i.UsageFault_Handler  stm32f4xx_it.o
    0x08002f1e   0x00000002   PAD
    0x08002f20   0x00000060   Code   RO          589    i.Value_GY30        gy-30.o
    0x08002f80   0x00000028   Code   RO         3463    i.__0sprintf        mc_w.l(printfa.o)
    0x08002fa8   0x0000000e   Code   RO         3539    i.__scatterload_copy  mc_w.l(handlers.o)
    0x08002fb6   0x00000002   Code   RO         3540    i.__scatterload_null  mc_w.l(handlers.o)
    0x08002fb8   0x0000000e   Code   RO         3541    i.__scatterload_zeroinit  mc_w.l(handlers.o)
    0x08002fc6   0x00000002   PAD
    0x08002fc8   0x00000184   Code   RO         3468    i._fp_digits        mc_w.l(printfa.o)
    0x0800314c   0x000006dc   Code   RO         3469    i._printf_core      mc_w.l(printfa.o)
    0x08003828   0x00000024   Code   RO         3470    i._printf_post_padding  mc_w.l(printfa.o)
    0x0800384c   0x0000002e   Code   RO         3471    i._printf_pre_padding  mc_w.l(printfa.o)
    0x0800387a   0x0000000a   Code   RO         3473    i._sputc            mc_w.l(printfa.o)
    0x08003884   0x00000030   Code   RO          369    i.delay_us          tim.o
    0x080038b4   0x00000234   Code   RO          203    i.main              main.o
    0x08003ae8   0x00000004   Code   RO          160    i.printFlashTest    flash.o
    0x08003aec   0x00000060   Code   RO          161    i.writeFlashTest    flash.o
    0x08003b4c   0x00000008   Data   RO         2609    .constdata          stm32f4xx_hal_dma.o
    0x08003b54   0x00000010   Data   RO         3182    .constdata          system_stm32f4xx.o
    0x08003b64   0x00000008   Data   RO         3183    .constdata          system_stm32f4xx.o
    0x08003b6c   0x00000020   Data   RO         3537    Region$$Table       anon$$obj.o


    Execution Region RW_IRAM1 (Base: 0x20000000, Size: 0x00004208, Max: 0x00020000, ABSOLUTE)

    Base Addr    Size         Type   Attr      Idx    E Section Name        Object

    0x20000000   0x00000008   Data   RW          163    .data               flash.o
    0x20000008   0x00000006   Data   RW          205    .data               main.o
    0x2000000e   0x00000002   PAD
    0x20000010   0x00000010   Data   RW          590    .data               gy-30.o
    0x20000020   0x0000000c   Data   RW         3034    .data               stm32f4xx_hal.o
    0x2000002c   0x00000004   Data   RW         3184    .data               system_stm32f4xx.o
    0x20000030   0x00000014   Zero   RW          162    .bss                flash.o
    0x20000044   0x00000040   Zero   RW          204    .bss                main.o
    0x20000084   0x000000a8   Zero   RW          303    .bss                adc.o
    0x2000012c   0x0000003c   Zero   RW          370    .bss                tim.o
    0x20000168   0x00000080   Zero   RW          418    .bss                usart.o
    0x200001e8   0x00000020   Zero   RW         2308    .bss                stm32f4xx_hal_flash.o
    0x20000208   0x00004000   Zero   RW            1    STACK               startup_stm32f407xx.o


==============================================================================

Image component sizes


      Code (inc. data)   RO Data    RW Data    ZI Data      Debug   Object Name

       248         32          0          0        168       1699   adc.o
       424         28          0          0          0     703862   dht11.o
        44          4          0          0          0        738   dma.o
       100         18          0          8         20       1583   flash.o
       272         18          0          0          0       1039   gpio.o
       702         50          0         16          0       6371   gy-30.o
      1164        222          0          6         64       5510   main.o
        36          8        392          0      16384        828   startup_stm32f407xx.o
       180         28          0         12          0       4533   stm32f4xx_hal.o
      1100         56          0          0          0       7269   stm32f4xx_hal_adc.o
       194         14          0          0          0      30351   stm32f4xx_hal_cortex.o
       948         16          8          0          0       6418   stm32f4xx_hal_dma.o
       516         66          0          0         32       6518   stm32f4xx_hal_flash.o
       356         24          0          0          0       3962   stm32f4xx_hal_flash_ex.o
       452         44          0          0          0       3051   stm32f4xx_hal_gpio.o
        48          6          0          0          0        814   stm32f4xx_hal_msp.o
      1302         84          0          0          0       6723   stm32f4xx_hal_rcc.o
       316         44          0          0          0       3898   stm32f4xx_hal_tim.o
        80          0          0          0          0       1276   stm32f4xx_hal_tim_ex.o
      1698         14          0          0          0       9675   stm32f4xx_hal_uart.o
        58         18          0          0          0       5392   stm32f4xx_it.o
        84         18         24          4          0       1135   system_stm32f4xx.o
       152         22          0          0         60       2041   tim.o
       300         34          0          0        128       2323   usart.o

    ----------------------------------------------------------------------
     10804        868        456         48      16856     817009   Object Totals
         0          0         32          0          0          0   (incl. Generated)
        30          0          0          2          0          0   (incl. Padding)

    ----------------------------------------------------------------------

      Code (inc. data)   RO Data    RW Data    ZI Data      Debug   Library Member Name

         0          0          0          0          0          0   entry.o
         0          0          0          0          0          0   entry10a.o
         0          0          0          0          0          0   entry11a.o
         8          4          0          0          0          0   entry2.o
         4          0          0          0          0          0   entry5.o
         0          0          0          0          0          0   entry7b.o
         0          0          0          0          0          0   entry8b.o
         8          4          0          0          0          0   entry9a.o
        30          0          0          0          0          0   handlers.o
        36          8          0          0          0         68   init.o
         0          0          0          0          0          0   iusefp.o
        30          0          0          0          0         68   llshl.o
        36          0          0          0          0         68   llsshr.o
        32          0          0          0          0         68   llushr.o
        36          0          0          0          0         68   memcpya.o
        36          0          0          0          0        108   memseta.o
      2276         86          0          0          0        520   printfa.o
        36          0          0          0          0         80   strstr.o
        44          0          0          0          0         80   uidiv.o
        98          0          0          0          0         92   uldiv.o
        48          0          0          0          0         68   cdrcmple.o
        56          0          0          0          0         88   d2f.o
       334          0          0          0          0        148   dadd.o
       222          0          0          0          0        100   ddiv.o
       186          0          0          0          0        176   depilogue.o
        48          0          0          0          0         68   dfixul.o
       228          0          0          0          0         96   dmul.o
        38          0          0          0          0         68   f2d.o
       110          0          0          0          0        168   fepilogue.o

    ----------------------------------------------------------------------
      3984        102          0          0          0       2200   Library Totals
         4          0          0          0          0          0   (incl. Padding)

    ----------------------------------------------------------------------

      Code (inc. data)   RO Data    RW Data    ZI Data      Debug   Library Name

      2710        102          0          0          0       1220   mc_w.l
      1270          0          0          0          0        980   mf_w.l

    ----------------------------------------------------------------------
      3984        102          0          0          0       2200   Library Totals

    ----------------------------------------------------------------------

==============================================================================


      Code (inc. data)   RO Data    RW Data    ZI Data      Debug   

     14788        970        456         48      16856     807821   Grand Totals
     14788        970        456         48      16856     807821   ELF Image Totals
     14788        970        456         48          0          0   ROM Totals

==============================================================================

    Total RO  Size (Code + RO Data)                15244 (  14.89kB)
    Total RW  Size (RW Data + ZI Data)             16904 (  16.51kB)
    Total ROM Size (Code + RO Data + RW Data)      15292 (  14.93kB)

==============================================================================

