<html>
<body>
<pre>
<h1>礦ision Build Log</h1>
<h2>Tool Versions:</h2>
IDE-Version: μVision V5.22.0.0
Copyright (C) 2016 ARM Ltd and ARM Germany GmbH. All rights reserved.
License Information: Yang HP, Hewlett-Packard, LIC=----
 
Tool Versions:
Toolchain:       MDK-Lite  Version: 5.22
Toolchain Path:  E:\ARM\ARMCC\Bin
C Compiler:      Armcc.exe V5.06 update 4 (build 422)
Assembler:       Armasm.exe V5.06 update 4 (build 422)
Linker/Locator:  ArmLink.exe V5.06 update 4 (build 422)
Library Manager: ArmAr.exe V5.06 update 4 (build 422)
Hex Converter:   FromElf.exe V5.06 update 4 (build 422)
CPU DLL:         SARMCM3.DLL V5.22
Dialog DLL:      DCM.DLL V1.13.9.0
Target DLL:      STLink\ST-LINKIII-KEIL_SWO.dll V2.0.18.0
Dialog DLL:      TCM.DLL V1.21.0.0
 
<h2>Project:</h2>
C:\Users\25814\Documents\zhangting\MDK-ARM\test.uvprojx
Project File Date:  01/07/2020

<h2>Output:</h2>
*** Using Compiler 'V5.06 update 4 (build 422)', folder: 'E:\ARM\ARMCC\Bin'
Build target 'test'
compiling main.c...
../Src/main.c(174): warning:  #167-D: argument of type "unsigned char *" is incompatible with parameter of type "char *restrict"
  			sprintf(buf,"0000\n");
../Src/main.c(180): warning:  #167-D: argument of type "unsigned char *" is incompatible with parameter of type "char *restrict"
  		sprintf(buf,"%2d%2d%2d%2d%4d\n",min_temp,max_temp,(int)DHT11_Data.temperature,(int)DHT11_Data.humidity,light);
../Src/main.c(184): warning:  #188-D: enumerated type mixed with another type
  			HAL_GPIO_WritePin(
PIOD,
PIO_PIN_4,1);
../Src/main.c(187): warning:  #188-D: enumerated type mixed with another type
  			HAL_GPIO_WritePin(
PIOD,
PIO_PIN_4,0);
../Src/main.c(114): warning:  #177-D: variable "ADC_value"  was declared but never referenced
  	uint8_t ADC_value = 0;
../Src/main.c(115): warning:  #177-D: variable "i"  was declared but never referenced
  	uint8_t i;
../Src/main.c(116): warning:  #177-D: variable "ad1"  was declared but never referenced
  	uint32_t ad1,ad2;
../Src/main.c(116): warning:  #177-D: variable "ad2"  was declared but never referenced
  	uint32_t ad1,ad2;
../Src/main.c(117): warning:  #177-D: variable "isAutoMode"  was declared but never referenced
  	uint8_t isAutoMode = 1;	//自动/手动模式标志位
../Src/main.c(118): warning:  #177-D: variable "time"  was declared but never referenced
  	uint32_t time = 0;//计时器
../Src/main.c(315): warning:  #167-D: argument of type "uint8_t *" is incompatible with parameter of type "const char *"
  				if(strstr(aRxBuffer2,"CONNECT")){
../Src/main.c(319): warning:  #167-D: argument of type "uint8_t *" is incompatible with parameter of type "const char *"
  				else if(strstr(aRxBuffer2,"DISC")){
../Src/main.c(329): warning:  #177-D: variable "res"  was declared but never referenced
  					uint8_t res[4]={0};//用于判断是否写入
../Src/main.c: 13 warnings, 0 errors
linking...
Program Size: Code=12540 RO-data=456 RW-data=48 ZI-data=16920  
FromELF: creating hex file...
"test\test.axf" - 0 Error(s), 13 Warning(s).

<h2>Software Packages used:</h2>

Package Vendor: ARM
                http://www.keil.com/pack/ARM.CMSIS.5.0.0.pack
                ARM::CMSIS:CORE:5.0.0
                CMSIS (Cortex Microcontroller Software Interface Standard)
   * Component: CORE Version: 5.0.0

<h2>Collection of Component include folders:</h2>
  C:\Users\25814\Documents\zhangting\MDK-ARM\RTE\_test
  E:\ARM\PACK\ARM\CMSIS\5.0.0\CMSIS\Include

<h2>Collection of Component Files used:</h2>

   * Component: ARM::CMSIS:CORE:5.0.0
Build Time Elapsed:  00:00:02
</pre>
</body>
</html>
